(((value(DefineValue(SimpleValue(((value(Id x))(position((start_p(""1 0 4))(end_p(""1 0 5)))))(((value(ForallTy()((value(TyCon(TCon int)()))(position((start_p(""1 0 8))(end_p(""1 0 11)))))))(position((start_p(""1 0 7))(end_p(""1 0 11))))))((value(Literal((value(LInt 42))(position((start_p(""1 0 14))(end_p(""1 0 16)))))))(position((start_p(""1 0 14))(end_p(""1 0 16)))))))))(position((start_p(""1 0 0))(end_p(""1 0 16)))))((value(DefineValue(SimpleValue(((value(Id y))(position((start_p(""2 17 21))(end_p(""2 17 22)))))(((value(ForallTy()((value(TyCon(TCon int)()))(position((start_p(""2 17 25))(end_p(""2 17 28)))))))(position((start_p(""2 17 24))(end_p(""2 17 28))))))((value(Literal((value(LInt -42))(position((start_p(""2 17 31))(end_p(""2 17 34)))))))(position((start_p(""2 17 31))(end_p(""2 17 34)))))))))(position((start_p(""2 17 17))(end_p(""2 17 34))))))
