(((value(DefineValue(SimpleValue(((value(Id c))(position((start_p(""1 0 4))(end_p(""1 0 5)))))(((value(ForallTy()((value(TyCon(TCon char)()))(position((start_p(""1 0 8))(end_p(""1 0 12)))))))(position((start_p(""1 0 7))(end_p(""1 0 12))))))((value(Literal((value(LString"Luke, I may be your father!"))(position((start_p(""1 0 43))(end_p(""1 0 44)))))))(position((start_p(""1 0 43))(end_p(""1 0 44)))))))))(position((start_p(""1 0 0))(end_p(""1 0 44))))))
