File "lowercase-token.mly", line 1, characters 0-10:
Syntax error in a %token declaration.
Here are sample valid declarations:
  %token DOT SEMICOLON
  %token <string> LID UID
File "lowercase-token.mly", line 3, characters 0-10:
Syntax error in a %start declaration.
Here are sample valid declarations:
  %start expression phrase
  %start <int> date time
File "lowercase-token.mly", line 8, characters 5-6:
Syntax error inside a production.
