(((value
    (DefineValue
      (SimpleValue
        (((value (Id overflow))
           (position ((start_p ("" 1 0 4)) (end_p ("" 1 0 12)))))
          ()
          ((value
             (Apply
               ((value
                  (Apply
                    ((value
                       (Variable
                         ((value (Id `+`))
                           (position
                             ((start_p ("" 1 0 39)) (end_p ("" 1 0 40)))))
                         ()))
                      (position ((start_p ("" 1 0 39)) (end_p ("" 1 0 40)))))
                    ((value
                       (Apply
                         ((value
                            (Apply
                              ((value
                                 (Variable
                                   ((value (Id `*`))
                                     (position
                                       ((start_p ("" 1 0 26))
                                         (end_p ("" 1 0 27)))))
                                   ()))
                                (position
                                  ((start_p ("" 1 0 26)) (end_p ("" 1 0 27)))))
                              ((value
                                 (Literal
                                   ((value (LInt 4294967296))
                                     (position
                                       ((start_p ("" 1 0 15))
                                         (end_p ("" 1 0 25)))))))
                                (position
                                  ((start_p ("" 1 0 15)) (end_p ("" 1 0 25)))))))
                           (position
                             ((start_p ("" 1 0 15)) (end_p ("" 1 0 27)))))
                         ((value
                            (Literal
                              ((value (LInt 4294967296))
                                (position
                                  ((start_p ("" 1 0 28)) (end_p ("" 1 0 38)))))))
                           (position
                             ((start_p ("" 1 0 28)) (end_p ("" 1 0 38)))))))
                      (position ((start_p ("" 1 0 15)) (end_p ("" 1 0 38)))))))
                 (position ((start_p ("" 1 0 15)) (end_p ("" 1 0 40)))))
               ((value
                  (Literal
                    ((value (LInt 1))
                      (position ((start_p ("" 1 0 41)) (end_p ("" 1 0 42)))))))
                 (position ((start_p ("" 1 0 41)) (end_p ("" 1 0 42)))))))
            (position ((start_p ("" 1 0 15)) (end_p ("" 1 0 42)))))))))
   (position ((start_p ("" 1 0 0)) (end_p ("" 1 0 42)))))
  ((value
     (DefineValue
       (SimpleValue
         (((value (Id main))
            (position ((start_p ("" 2 43 47)) (end_p ("" 2 43 51)))))
           ()
           ((value
              (Apply
                ((value
                   (Variable
                     ((value (Id print_int))
                       (position
                         ((start_p ("" 2 43 54)) (end_p ("" 2 43 63)))))
                     ()))
                  (position ((start_p ("" 2 43 54)) (end_p ("" 2 43 63)))))
                ((value
                   (Variable
                     ((value (Id overflow))
                       (position
                         ((start_p ("" 2 43 65)) (end_p ("" 2 43 73)))))
                     ()))
                  (position ((start_p ("" 2 43 64)) (end_p ("" 2 43 74)))))))
             (position ((start_p ("" 2 43 54)) (end_p ("" 2 43 74)))))))))
    (position ((start_p ("" 2 43 43)) (end_p ("" 2 43 74))))))
