(((value
    (DefineValue
      (SimpleValue
        (((value (Id test))
           (position ((start_p ("" 1 0 4)) (end_p ("" 1 0 8)))))
          ()
          ((value
             (Define
               (SimpleValue
                 (((value (Id x))
                    (position ((start_p ("" 2 11 19)) (end_p ("" 2 11 20)))))
                   ()
                   ((value
                      (Ref
                        ((value
                           (Literal
                             ((value (LInt 5))
                               (position
                                 ((start_p ("" 2 11 27))
                                   (end_p ("" 2 11 28)))))))
                          (position
                            ((start_p ("" 2 11 27)) (end_p ("" 2 11 28)))))))
                     (position ((start_p ("" 2 11 23)) (end_p ("" 2 11 28)))))))
               ((value
                  (Define
                    (SimpleValue
                      (((value (Id y))
                         (position
                           ((start_p ("" 3 30 38)) (end_p ("" 3 30 39)))))
                        ()
                        ((value
                           (Ref
                             ((value
                                (Literal
                                  ((value (LInt 0))
                                    (position
                                      ((start_p ("" 3 30 46))
                                        (end_p ("" 3 30 47)))))))
                               (position
                                 ((start_p ("" 3 30 46))
                                   (end_p ("" 3 30 47)))))))
                          (position
                            ((start_p ("" 3 30 42)) (end_p ("" 3 30 47)))))))
                    ((value
                       (Define
                         (SimpleValue
                           (((value (Id z))
                              (position
                                ((start_p ("" 4 49 57)) (end_p ("" 4 49 58)))))
                             ()
                             ((value
                                (Ref
                                  ((value
                                     (Literal
                                       ((value (LInt 5))
                                         (position
                                           ((start_p ("" 4 49 65))
                                             (end_p ("" 4 49 66)))))))
                                    (position
                                      ((start_p ("" 4 49 65))
                                        (end_p ("" 4 49 66)))))))
                               (position
                                 ((start_p ("" 4 49 61))
                                   (end_p ("" 4 49 66)))))))
                         ((value
                            (Sequence
                              (((value
                                  (While
                                    ((value
                                       (Apply
                                         ((value
                                            (Apply
                                              ((value
                                                 (Variable
                                                   ((value (Id `<?`))
                                                     (position
                                                       ((start_p
                                                          ("" 5 68 82))
                                                         (end_p ("" 5 68 84)))))
                                                   ()))
                                                (position
                                                  ((start_p ("" 5 68 82))
                                                    (end_p ("" 5 68 84)))))
                                              ((value
                                                 (Read
                                                   ((value
                                                      (Variable
                                                        ((value (Id x))
                                                          (position
                                                            ((start_p
                                                               ("" 5 68 80))
                                                              (end_p
                                                                ("" 5 68 81)))))
                                                        ()))
                                                     (position
                                                       ((start_p
                                                          ("" 5 68 80))
                                                         (end_p ("" 5 68 81)))))))
                                                (position
                                                  ((start_p ("" 5 68 79))
                                                    (end_p ("" 5 68 81)))))))
                                           (position
                                             ((start_p ("" 5 68 79))
                                               (end_p ("" 5 68 84)))))
                                         ((value
                                            (Literal
                                              ((value (LInt 0))
                                                (position
                                                  ((start_p ("" 5 68 85))
                                                    (end_p ("" 5 68 86)))))))
                                           (position
                                             ((start_p ("" 5 68 85))
                                               (end_p ("" 5 68 86)))))))
                                      (position
                                        ((start_p ("" 5 68 79))
                                          (end_p ("" 5 68 86)))))
                                    ((value
                                       (Sequence
                                         (((value
                                             (Assign
                                               ((value
                                                  (Variable
                                                    ((value (Id x))
                                                      (position
                                                        ((start_p
                                                           ("" 6 90 96))
                                                          (end_p
                                                            ("" 6 90 97)))))
                                                    ()))
                                                 (position
                                                   ((start_p ("" 6 90 96))
                                                     (end_p ("" 6 90 97)))))
                                               ((value
                                                  (Apply
                                                    ((value
                                                       (Apply
                                                         ((value
                                                            (Variable
                                                              ((value
                                                                 (Id `-`))
                                                                (position
                                                                  ((start_p
                                                                    ("" 6 90
                                                                    104))
                                                                    (end_p
                                                                    ("" 6 90
                                                                    105)))))
                                                              ()))
                                                           (position
                                                             ((start_p
                                                                ("" 6 90 104))
                                                               (end_p
                                                                 ("" 6 90
                                                                   105)))))
                                                         ((value
                                                            (Read
                                                              ((value
                                                                 (Variable
                                                                   ((value
                                                                    (Id x))
                                                                    (position
                                                                    ((start_p
                                                                    ("" 6 90
                                                                    102))
                                                                    (end_p
                                                                    ("" 6 90
                                                                    103)))))
                                                                   ()))
                                                                (position
                                                                  ((start_p
                                                                    ("" 6 90
                                                                    102))
                                                                    (end_p
                                                                    ("" 6 90
                                                                    103)))))))
                                                           (position
                                                             ((start_p
                                                                ("" 6 90 101))
                                                               (end_p
                                                                 ("" 6 90
                                                                   103)))))))
                                                      (position
                                                        ((start_p
                                                           ("" 6 90 101))
                                                          (end_p
                                                            ("" 6 90 105)))))
                                                    ((value
                                                       (Literal
                                                         ((value (LInt 1))
                                                           (position
                                                             ((start_p
                                                                ("" 6 90 106))
                                                               (end_p
                                                                 ("" 6 90
                                                                   107)))))))
                                                      (position
                                                        ((start_p
                                                           ("" 6 90 106))
                                                          (end_p
                                                            ("" 6 90 107)))))))
                                                 (position
                                                   ((start_p ("" 6 90 101))
                                                     (end_p ("" 6 90 107)))))))
                                            (position
                                              ((start_p ("" 6 90 96))
                                                (end_p ("" 6 90 107)))))
                                           ((value
                                              (Assign
                                                ((value
                                                   (Variable
                                                     ((value (Id y))
                                                       (position
                                                         ((start_p
                                                            ("" 7 109 115))
                                                           (end_p
                                                             ("" 7 109 116)))))
                                                     ()))
                                                  (position
                                                    ((start_p ("" 7 109 115))
                                                      (end_p ("" 7 109 116)))))
                                                ((value
                                                   (Apply
                                                     ((value
                                                        (Apply
                                                          ((value
                                                             (Variable
                                                               ((value
                                                                  (Id `+`))
                                                                 (position
                                                                   ((start_p
                                                                    ("" 7 109
                                                                    123))
                                                                    (end_p
                                                                    ("" 7 109
                                                                    124)))))
                                                               ()))
                                                            (position
                                                              ((start_p
                                                                 ("" 7 109
                                                                   123))
                                                                (end_p
                                                                  ("" 7 109
                                                                    124)))))
                                                          ((value
                                                             (Read
                                                               ((value
                                                                  (Variable
                                                                    ((value
                                                                    (Id y))
                                                                    (position
                                                                    ((start_p
                                                                    ("" 7 109
                                                                    121))
                                                                    (end_p
                                                                    ("" 7 109
                                                                    122)))))
                                                                    ()))
                                                                 (position
                                                                   ((start_p
                                                                    ("" 7 109
                                                                    121))
                                                                    (end_p
                                                                    ("" 7 109
                                                                    122)))))))
                                                            (position
                                                              ((start_p
                                                                 ("" 7 109
                                                                   120))
                                                                (end_p
                                                                  ("" 7 109
                                                                    122)))))))
                                                       (position
                                                         ((start_p
                                                            ("" 7 109 120))
                                                           (end_p
                                                             ("" 7 109 124)))))
                                                     ((value
                                                        (Literal
                                                          ((value (LInt 1))
                                                            (position
                                                              ((start_p
                                                                 ("" 7 109
                                                                   125))
                                                                (end_p
                                                                  ("" 7 109
                                                                    126)))))))
                                                       (position
                                                         ((start_p
                                                            ("" 7 109 125))
                                                           (end_p
                                                             ("" 7 109 126)))))))
                                                  (position
                                                    ((start_p ("" 7 109 120))
                                                      (end_p ("" 7 109 126)))))))
                                             (position
                                               ((start_p ("" 7 109 115))
                                                 (end_p ("" 7 109 126))))))))
                                      (position
                                        ((start_p ("" 6 90 96))
                                          (end_p ("" 7 109 126)))))))
                                 (position
                                   ((start_p ("" 5 68 72))
                                     (end_p ("" 8 127 132)))))
                                ((value
                                   (IfThenElse
                                     ((value
                                        (Apply
                                          ((value
                                             (Apply
                                               ((value
                                                  (Variable
                                                    ((value (Id `=?`))
                                                      (position
                                                        ((start_p
                                                           ("" 9 134 145))
                                                          (end_p
                                                            ("" 9 134 147)))))
                                                    ()))
                                                 (position
                                                   ((start_p ("" 9 134 145))
                                                     (end_p ("" 9 134 147)))))
                                               ((value
                                                  (Read
                                                    ((value
                                                       (Variable
                                                         ((value (Id x))
                                                           (position
                                                             ((start_p
                                                                ("" 9 134
                                                                  143))
                                                               (end_p
                                                                 ("" 9 134
                                                                   144)))))
                                                         ()))
                                                      (position
                                                        ((start_p
                                                           ("" 9 134 143))
                                                          (end_p
                                                            ("" 9 134 144)))))))
                                                 (position
                                                   ((start_p ("" 9 134 142))
                                                     (end_p ("" 9 134 144)))))))
                                            (position
                                              ((start_p ("" 9 134 142))
                                                (end_p ("" 9 134 147)))))
                                          ((value
                                             (Literal
                                               ((value (LInt 5))
                                                 (position
                                                   ((start_p ("" 9 134 148))
                                                     (end_p ("" 9 134 149)))))))
                                            (position
                                              ((start_p ("" 9 134 148))
                                                (end_p ("" 9 134 149)))))))
                                       (position
                                         ((start_p ("" 9 134 142))
                                           (end_p ("" 9 134 149)))))
                                     ((value
                                        (Apply
                                          ((value
                                             (Variable
                                               ((value (Id print_string))
                                                 (position
                                                   ((start_p ("" 10 153 159))
                                                     (end_p ("" 10 153 171)))))
                                               ()))
                                            (position
                                              ((start_p ("" 10 153 159))
                                                (end_p ("" 10 153 171)))))
                                          ((value
                                             (Literal
                                               ((value
                                                  (LString
                                                    "This test is OK!\n"))
                                                 (position
                                                   ((start_p ("" 10 153 192))
                                                     (end_p ("" 10 153 193)))))))
                                            (position
                                              ((start_p ("" 10 153 172))
                                                (end_p ("" 10 153 194)))))))
                                       (position
                                         ((start_p ("" 10 153 159))
                                           (end_p ("" 10 153 194)))))
                                     ((value
                                        (Apply
                                          ((value
                                             (Variable
                                               ((value (Id print_string))
                                                 (position
                                                   ((start_p ("" 12 208 214))
                                                     (end_p ("" 12 208 226)))))
                                               ()))
                                            (position
                                              ((start_p ("" 12 208 214))
                                                (end_p ("" 12 208 226)))))
                                          ((value
                                             (Literal
                                               ((value
                                                  (LString "This is KO!\n"))
                                                 (position
                                                   ((start_p ("" 12 208 242))
                                                     (end_p ("" 12 208 243)))))))
                                            (position
                                              ((start_p ("" 12 208 227))
                                                (end_p ("" 12 208 244)))))))
                                       (position
                                         ((start_p ("" 12 208 214))
                                           (end_p ("" 12 208 244)))))))
                                  (position
                                    ((start_p ("" 9 134 138))
                                      (end_p ("" 13 245 250))))))))
                           (position
                             ((start_p ("" 5 68 72)) (end_p ("" 13 245 250)))))))
                      (position
                        ((start_p ("" 4 49 53)) (end_p ("" 13 245 250)))))))
                 (position ((start_p ("" 3 30 34)) (end_p ("" 13 245 250)))))))
            (position ((start_p ("" 2 11 15)) (end_p ("" 13 245 250)))))))))
   (position ((start_p ("" 1 0 0)) (end_p ("" 13 245 250))))))
