(((value
    (DefineValue
      (SimpleValue
        (((value (Id test))
           (position ((start_p ("" 1 0 4)) (end_p ("" 1 0 8)))))
          ()
          ((value
             (Define
               (SimpleValue
                 (((value (Id r))
                    (position ((start_p ("" 2 11 19)) (end_p ("" 2 11 20)))))
                   ()
                   ((value
                      (Ref
                        ((value
                           (Literal
                             ((value (LInt 1))
                               (position
                                 ((start_p ("" 2 11 27))
                                   (end_p ("" 2 11 28)))))))
                          (position
                            ((start_p ("" 2 11 27)) (end_p ("" 2 11 28)))))))
                     (position ((start_p ("" 2 11 23)) (end_p ("" 2 11 28)))))))
               ((value
                  (Sequence
                    (((value
                        (For
                          ((value (Id i))
                            (position
                              ((start_p ("" 3 30 38)) (end_p ("" 3 30 39)))))
                          ((value
                             (Literal
                               ((value (LInt 1))
                                 (position
                                   ((start_p ("" 3 30 44))
                                     (end_p ("" 3 30 45)))))))
                            (position
                              ((start_p ("" 3 30 44)) (end_p ("" 3 30 45)))))
                          ((value
                             (Literal
                               ((value (LInt 5))
                                 (position
                                   ((start_p ("" 3 30 49))
                                     (end_p ("" 3 30 50)))))))
                            (position
                              ((start_p ("" 3 30 49)) (end_p ("" 3 30 50)))))
                          ((value
                             (Sequence
                               (((value
                                   (For
                                     ((value (Id j))
                                       (position
                                         ((start_p ("" 4 54 64))
                                           (end_p ("" 4 54 65)))))
                                     ((value
                                        (Literal
                                          ((value (LInt 1))
                                            (position
                                              ((start_p ("" 4 54 70))
                                                (end_p ("" 4 54 71)))))))
                                       (position
                                         ((start_p ("" 4 54 70))
                                           (end_p ("" 4 54 71)))))
                                     ((value
                                        (Literal
                                          ((value (LInt 5))
                                            (position
                                              ((start_p ("" 4 54 75))
                                                (end_p ("" 4 54 76)))))))
                                       (position
                                         ((start_p ("" 4 54 75))
                                           (end_p ("" 4 54 76)))))
                                     ((value
                                        (Assign
                                          ((value
                                             (Variable
                                               ((value (Id r))
                                                 (position
                                                   ((start_p ("" 5 80 88))
                                                     (end_p ("" 5 80 89)))))
                                               ()))
                                            (position
                                              ((start_p ("" 5 80 88))
                                                (end_p ("" 5 80 89)))))
                                          ((value
                                             (Apply
                                               ((value
                                                  (Apply
                                                    ((value
                                                       (Variable
                                                         ((value (Id `*`))
                                                           (position
                                                             ((start_p
                                                                ("" 5 80 96))
                                                               (end_p
                                                                 ("" 5 80 97)))))
                                                         ()))
                                                      (position
                                                        ((start_p
                                                           ("" 5 80 96))
                                                          (end_p
                                                            ("" 5 80 97)))))
                                                    ((value
                                                       (Read
                                                         ((value
                                                            (Variable
                                                              ((value (Id r))
                                                                (position
                                                                  ((start_p
                                                                    ("" 5 80
                                                                    94))
                                                                    (end_p
                                                                    ("" 5 80
                                                                    95)))))
                                                              ()))
                                                           (position
                                                             ((start_p
                                                                ("" 5 80 94))
                                                               (end_p
                                                                 ("" 5 80 95)))))))
                                                      (position
                                                        ((start_p
                                                           ("" 5 80 93))
                                                          (end_p
                                                            ("" 5 80 95)))))))
                                                 (position
                                                   ((start_p ("" 5 80 93))
                                                     (end_p ("" 5 80 97)))))
                                               ((value
                                                  (Variable
                                                    ((value (Id j))
                                                      (position
                                                        ((start_p
                                                           ("" 5 80 98))
                                                          (end_p
                                                            ("" 5 80 99)))))
                                                    ()))
                                                 (position
                                                   ((start_p ("" 5 80 98))
                                                     (end_p ("" 5 80 99)))))))
                                            (position
                                              ((start_p ("" 5 80 93))
                                                (end_p ("" 5 80 99)))))))
                                       (position
                                         ((start_p ("" 5 80 88))
                                           (end_p ("" 5 80 99)))))))
                                  (position
                                    ((start_p ("" 4 54 60))
                                      (end_p ("" 6 100 107)))))
                                 ((value
                                    (Sequence
                                      (((value
                                          (Assign
                                            ((value
                                               (Variable
                                                 ((value (Id r))
                                                   (position
                                                     ((start_p
                                                        ("" 7 109 115))
                                                       (end_p ("" 7 109 116)))))
                                                 ()))
                                              (position
                                                ((start_p ("" 7 109 115))
                                                  (end_p ("" 7 109 116)))))
                                            ((value
                                               (Apply
                                                 ((value
                                                    (Apply
                                                      ((value
                                                         (Variable
                                                           ((value (Id `*`))
                                                             (position
                                                               ((start_p
                                                                  ("" 7 109
                                                                    123))
                                                                 (end_p
                                                                   ("" 7 109
                                                                    124)))))
                                                           ()))
                                                        (position
                                                          ((start_p
                                                             ("" 7 109 123))
                                                            (end_p
                                                              ("" 7 109 124)))))
                                                      ((value
                                                         (Read
                                                           ((value
                                                              (Variable
                                                                ((value
                                                                   (Id r))
                                                                  (position
                                                                    ((start_p
                                                                    ("" 7 109
                                                                    121))
                                                                    (end_p
                                                                    ("" 7 109
                                                                    122)))))
                                                                ()))
                                                             (position
                                                               ((start_p
                                                                  ("" 7 109
                                                                    121))
                                                                 (end_p
                                                                   ("" 7 109
                                                                    122)))))))
                                                        (position
                                                          ((start_p
                                                             ("" 7 109 120))
                                                            (end_p
                                                              ("" 7 109 122)))))))
                                                   (position
                                                     ((start_p
                                                        ("" 7 109 120))
                                                       (end_p ("" 7 109 124)))))
                                                 ((value
                                                    (Variable
                                                      ((value (Id i))
                                                        (position
                                                          ((start_p
                                                             ("" 7 109 125))
                                                            (end_p
                                                              ("" 7 109 126)))))
                                                      ()))
                                                   (position
                                                     ((start_p
                                                        ("" 7 109 125))
                                                       (end_p ("" 7 109 126)))))))
                                              (position
                                                ((start_p ("" 7 109 120))
                                                  (end_p ("" 7 109 126)))))))
                                         (position
                                           ((start_p ("" 7 109 115))
                                             (end_p ("" 7 109 126)))))
                                        ((value
                                           (For
                                             ((value (Id j))
                                               (position
                                                 ((start_p ("" 8 128 138))
                                                   (end_p ("" 8 128 139)))))
                                             ((value
                                                (Literal
                                                  ((value (LInt 1))
                                                    (position
                                                      ((start_p
                                                         ("" 8 128 144))
                                                        (end_p
                                                          ("" 8 128 145)))))))
                                               (position
                                                 ((start_p ("" 8 128 144))
                                                   (end_p ("" 8 128 145)))))
                                             ((value
                                                (Literal
                                                  ((value (LInt 5))
                                                    (position
                                                      ((start_p
                                                         ("" 8 128 149))
                                                        (end_p
                                                          ("" 8 128 150)))))))
                                               (position
                                                 ((start_p ("" 8 128 149))
                                                   (end_p ("" 8 128 150)))))
                                             ((value
                                                (Assign
                                                  ((value
                                                     (Variable
                                                       ((value (Id r))
                                                         (position
                                                           ((start_p
                                                              ("" 9 154 162))
                                                             (end_p
                                                               ("" 9 154 163)))))
                                                       ()))
                                                    (position
                                                      ((start_p
                                                         ("" 9 154 162))
                                                        (end_p
                                                          ("" 9 154 163)))))
                                                  ((value
                                                     (Apply
                                                       ((value
                                                          (Apply
                                                            ((value
                                                               (Variable
                                                                 ((value
                                                                    (Id `/`))
                                                                   (position
                                                                    ((start_p
                                                                    ("" 9 154
                                                                    170))
                                                                    (end_p
                                                                    ("" 9 154
                                                                    171)))))
                                                                 ()))
                                                              (position
                                                                ((start_p
                                                                   ("" 9 154
                                                                    170))
                                                                  (end_p
                                                                    ("" 9 154
                                                                    171)))))
                                                            ((value
                                                               (Read
                                                                 ((value
                                                                    (Variable
                                                                    ((value
                                                                    (Id r))
                                                                    (position
                                                                    ((start_p
                                                                    ("" 9 154
                                                                    168))
                                                                    (end_p
                                                                    ("" 9 154
                                                                    169)))))
                                                                    ()))
                                                                   (position
                                                                    ((start_p
                                                                    ("" 9 154
                                                                    168))
                                                                    (end_p
                                                                    ("" 9 154
                                                                    169)))))))
                                                              (position
                                                                ((start_p
                                                                   ("" 9 154
                                                                    167))
                                                                  (end_p
                                                                    ("" 9 154
                                                                    169)))))))
                                                         (position
                                                           ((start_p
                                                              ("" 9 154 167))
                                                             (end_p
                                                               ("" 9 154 171)))))
                                                       ((value
                                                          (Variable
                                                            ((value (Id j))
                                                              (position
                                                                ((start_p
                                                                   ("" 9 154
                                                                    172))
                                                                  (end_p
                                                                    ("" 9 154
                                                                    173)))))
                                                            ()))
                                                         (position
                                                           ((start_p
                                                              ("" 9 154 172))
                                                             (end_p
                                                               ("" 9 154 173)))))))
                                                    (position
                                                      ((start_p
                                                         ("" 9 154 167))
                                                        (end_p
                                                          ("" 9 154 173)))))))
                                               (position
                                                 ((start_p ("" 9 154 162))
                                                   (end_p ("" 9 154 173)))))))
                                          (position
                                            ((start_p ("" 8 128 134))
                                              (end_p ("" 10 174 181))))))))
                                   (position
                                     ((start_p ("" 7 109 115))
                                       (end_p ("" 10 174 181))))))))
                            (position
                              ((start_p ("" 4 54 60))
                                (end_p ("" 10 174 181)))))))
                       (position
                         ((start_p ("" 3 30 34)) (end_p ("" 11 182 187)))))
                      ((value
                         (Sequence
                           (((value
                               (Apply
                                 ((value
                                    (Variable
                                      ((value (Id print_string))
                                        (position
                                          ((start_p ("" 12 189 193))
                                            (end_p ("" 12 189 205)))))
                                      ()))
                                   (position
                                     ((start_p ("" 12 189 193))
                                       (end_p ("" 12 189 205)))))
                                 ((value
                                    (Literal
                                      ((value (LString "This test is "))
                                        (position
                                          ((start_p ("" 12 189 221))
                                            (end_p ("" 12 189 222)))))))
                                   (position
                                     ((start_p ("" 12 189 206))
                                       (end_p ("" 12 189 223)))))))
                              (position
                                ((start_p ("" 12 189 193))
                                  (end_p ("" 12 189 223)))))
                             ((value
                                (Apply
                                  ((value
                                     (Variable
                                       ((value (Id print_string))
                                         (position
                                           ((start_p ("" 13 225 229))
                                             (end_p ("" 13 225 241)))))
                                       ()))
                                    (position
                                      ((start_p ("" 13 225 229))
                                        (end_p ("" 13 225 241)))))
                                  ((value
                                     (IfThenElse
                                       ((value
                                          (Apply
                                            ((value
                                               (Apply
                                                 ((value
                                                    (Variable
                                                      ((value (Id `=?`))
                                                        (position
                                                          ((start_p
                                                             ("" 13 225 250))
                                                            (end_p
                                                              ("" 13 225 252)))))
                                                      ()))
                                                   (position
                                                     ((start_p
                                                        ("" 13 225 250))
                                                       (end_p
                                                         ("" 13 225 252)))))
                                                 ((value
                                                    (Read
                                                      ((value
                                                         (Variable
                                                           ((value (Id r))
                                                             (position
                                                               ((start_p
                                                                  ("" 13 225
                                                                    248))
                                                                 (end_p
                                                                   ("" 13 225
                                                                    249)))))
                                                           ()))
                                                        (position
                                                          ((start_p
                                                             ("" 13 225 248))
                                                            (end_p
                                                              ("" 13 225 249)))))))
                                                   (position
                                                     ((start_p
                                                        ("" 13 225 247))
                                                       (end_p
                                                         ("" 13 225 249)))))))
                                              (position
                                                ((start_p ("" 13 225 247))
                                                  (end_p ("" 13 225 252)))))
                                            ((value
                                               (Literal
                                                 ((value (LInt 120))
                                                   (position
                                                     ((start_p
                                                        ("" 13 225 253))
                                                       (end_p
                                                         ("" 13 225 256)))))))
                                              (position
                                                ((start_p ("" 13 225 253))
                                                  (end_p ("" 13 225 256)))))))
                                         (position
                                           ((start_p ("" 13 225 247))
                                             (end_p ("" 13 225 256)))))
                                       ((value
                                          (Literal
                                            ((value (LString "OK!\n"))
                                              (position
                                                ((start_p ("" 13 225 266))
                                                  (end_p ("" 13 225 267)))))))
                                         (position
                                           ((start_p ("" 13 225 266))
                                             (end_p ("" 13 225 267)))))
                                       ((value
                                          (Literal
                                            ((value (LString "KO!\n"))
                                              (position
                                                ((start_p ("" 13 225 283))
                                                  (end_p ("" 13 225 284)))))))
                                         (position
                                           ((start_p ("" 13 225 283))
                                             (end_p ("" 13 225 284)))))))
                                    (position
                                      ((start_p ("" 13 225 242))
                                        (end_p ("" 13 225 287)))))))
                               (position
                                 ((start_p ("" 13 225 229))
                                   (end_p ("" 13 225 287))))))))
                        (position
                          ((start_p ("" 12 189 193)) (end_p ("" 13 225 287))))))))
                 (position ((start_p ("" 3 30 34)) (end_p ("" 13 225 287)))))))
            (position ((start_p ("" 2 11 15)) (end_p ("" 13 225 287)))))))))
   (position ((start_p ("" 1 0 0)) (end_p ("" 13 225 287))))))
