(((value
    (DefineValue
      (RecFunctions
        ((((value (Id concat))
            (position ((start_p ("" 1 0 4)) (end_p ("" 1 0 10)))))
           ()
           (FunctionDefinition
             ((value
                (PTuple
                  (((value
                      (PVariable
                        ((value (Id l1))
                          (position
                            ((start_p ("" 1 0 12)) (end_p ("" 1 0 14)))))))
                     (position ((start_p ("" 1 0 12)) (end_p ("" 1 0 14)))))
                    ((value
                       (PVariable
                         ((value (Id l2))
                           (position
                             ((start_p ("" 1 0 16)) (end_p ("" 1 0 18)))))))
                      (position ((start_p ("" 1 0 16)) (end_p ("" 1 0 18))))))))
               (position ((start_p ("" 1 0 11)) (end_p ("" 1 0 19)))))
             ((value
                (Case
                  ((value
                     (Variable
                       ((value (Id l1))
                         (position
                           ((start_p ("" 2 22 32)) (end_p ("" 2 22 34)))))
                       ()))
                    (position ((start_p ("" 2 22 32)) (end_p ("" 2 22 34)))))
                  (((value
                      (Branch
                        ((value
                           (PTaggedValue
                             ((value (KId N))
                               (position
                                 ((start_p ("" 3 38 42))
                                   (end_p ("" 3 38 43)))))
                             () ()))
                          (position
                            ((start_p ("" 3 38 42)) (end_p ("" 3 38 43)))))
                        ((value
                           (Variable
                             ((value (Id l2))
                               (position
                                 ((start_p ("" 3 38 47))
                                   (end_p ("" 3 38 49)))))
                             ()))
                          (position
                            ((start_p ("" 3 38 47)) (end_p ("" 3 38 49)))))))
                     (position ((start_p ("" 3 38 42)) (end_p ("" 3 38 49)))))
                    ((value
                       (Branch
                         ((value
                            (PTaggedValue
                              ((value (KId C))
                                (position
                                  ((start_p ("" 4 50 54))
                                    (end_p ("" 4 50 55)))))
                              ()
                              (((value
                                  (PVariable
                                    ((value (Id x))
                                      (position
                                        ((start_p ("" 4 50 57))
                                          (end_p ("" 4 50 58)))))))
                                 (position
                                   ((start_p ("" 4 50 57))
                                     (end_p ("" 4 50 58)))))
                                ((value
                                   (PVariable
                                     ((value (Id xs))
                                       (position
                                         ((start_p ("" 4 50 60))
                                           (end_p ("" 4 50 62)))))))
                                  (position
                                    ((start_p ("" 4 50 60))
                                      (end_p ("" 4 50 62))))))))
                           (position
                             ((start_p ("" 4 50 54)) (end_p ("" 4 50 63)))))
                         ((value
                            (Tagged
                              ((value (KId C))
                                (position
                                  ((start_p ("" 4 50 67))
                                    (end_p ("" 4 50 68)))))
                              ()
                              (((value
                                  (Variable
                                    ((value (Id x))
                                      (position
                                        ((start_p ("" 4 50 70))
                                          (end_p ("" 4 50 71)))))
                                    ()))
                                 (position
                                   ((start_p ("" 4 50 70))
                                     (end_p ("" 4 50 71)))))
                                ((value
                                   (Apply
                                     ((value
                                        (Variable
                                          ((value (Id concat))
                                            (position
                                              ((start_p ("" 4 50 73))
                                                (end_p ("" 4 50 79)))))
                                          ()))
                                       (position
                                         ((start_p ("" 4 50 73))
                                           (end_p ("" 4 50 79)))))
                                     ((value
                                        (Tuple
                                          (((value
                                              (Variable
                                                ((value (Id xs))
                                                  (position
                                                    ((start_p ("" 4 50 81))
                                                      (end_p ("" 4 50 83)))))
                                                ()))
                                             (position
                                               ((start_p ("" 4 50 81))
                                                 (end_p ("" 4 50 83)))))
                                            ((value
                                               (Variable
                                                 ((value (Id l2))
                                                   (position
                                                     ((start_p ("" 4 50 85))
                                                       (end_p ("" 4 50 87)))))
                                                 ()))
                                              (position
                                                ((start_p ("" 4 50 85))
                                                  (end_p ("" 4 50 87))))))))
                                       (position
                                         ((start_p ("" 4 50 80))
                                           (end_p ("" 4 50 88)))))))
                                  (position
                                    ((start_p ("" 4 50 73))
                                      (end_p ("" 4 50 88))))))))
                           (position
                             ((start_p ("" 4 50 67)) (end_p ("" 4 50 89)))))))
                      (position
                        ((start_p ("" 4 50 54)) (end_p ("" 4 50 89))))))))
               (position ((start_p ("" 2 22 24)) (end_p ("" 5 90 93)))))))))))
   (position ((start_p ("" 1 0 0)) (end_p ("" 5 90 93)))))
  ((value
     (DefineValue
       (SimpleValue
         (((value (Id l))
            (position ((start_p ("" 7 95 99)) (end_p ("" 7 95 100)))))
           ()
           ((value
              (Tagged
                ((value (KId C))
                  (position ((start_p ("" 7 95 103)) (end_p ("" 7 95 104)))))
                ()
                (((value
                    (Literal
                      ((value (LInt 1))
                        (position
                          ((start_p ("" 7 95 106)) (end_p ("" 7 95 107)))))))
                   (position ((start_p ("" 7 95 106)) (end_p ("" 7 95 107)))))
                  ((value
                     (Tagged
                       ((value (KId C))
                         (position
                           ((start_p ("" 7 95 109)) (end_p ("" 7 95 110)))))
                       ()
                       (((value
                           (Literal
                             ((value (LInt 2))
                               (position
                                 ((start_p ("" 7 95 112))
                                   (end_p ("" 7 95 113)))))))
                          (position
                            ((start_p ("" 7 95 112)) (end_p ("" 7 95 113)))))
                         ((value
                            (Tagged
                              ((value (KId N))
                                (position
                                  ((start_p ("" 7 95 115))
                                    (end_p ("" 7 95 116)))))
                              () ()))
                           (position
                             ((start_p ("" 7 95 115)) (end_p ("" 7 95 116))))))))
                    (position
                      ((start_p ("" 7 95 109)) (end_p ("" 7 95 117))))))))
             (position ((start_p ("" 7 95 103)) (end_p ("" 7 95 118)))))))))
    (position ((start_p ("" 7 95 95)) (end_p ("" 7 95 118)))))
  ((value
     (DefineValue
       (SimpleValue
         (((value (Id l))
            (position ((start_p ("" 8 119 123)) (end_p ("" 8 119 124)))))
           ()
           ((value
              (Apply
                ((value
                   (Variable
                     ((value (Id concat))
                       (position
                         ((start_p ("" 8 119 127)) (end_p ("" 8 119 133)))))
                     ()))
                  (position
                    ((start_p ("" 8 119 127)) (end_p ("" 8 119 133)))))
                ((value
                   (Tuple
                     (((value
                         (Variable
                           ((value (Id l))
                             (position
                               ((start_p ("" 8 119 135))
                                 (end_p ("" 8 119 136)))))
                           ()))
                        (position
                          ((start_p ("" 8 119 135)) (end_p ("" 8 119 136)))))
                       ((value
                          (Variable
                            ((value (Id l))
                              (position
                                ((start_p ("" 8 119 138))
                                  (end_p ("" 8 119 139)))))
                            ()))
                         (position
                           ((start_p ("" 8 119 138)) (end_p ("" 8 119 139))))))))
                  (position
                    ((start_p ("" 8 119 134)) (end_p ("" 8 119 140)))))))
             (position ((start_p ("" 8 119 127)) (end_p ("" 8 119 140)))))))))
    (position ((start_p ("" 8 119 119)) (end_p ("" 8 119 140)))))
  ((value
     (DefineValue
       (SimpleValue
         (((value (Id l))
            (position ((start_p ("" 9 141 145)) (end_p ("" 9 141 146)))))
           ()
           ((value
              (Apply
                ((value
                   (Variable
                     ((value (Id concat))
                       (position
                         ((start_p ("" 9 141 149)) (end_p ("" 9 141 155)))))
                     ()))
                  (position
                    ((start_p ("" 9 141 149)) (end_p ("" 9 141 155)))))
                ((value
                   (Tuple
                     (((value
                         (Variable
                           ((value (Id l))
                             (position
                               ((start_p ("" 9 141 157))
                                 (end_p ("" 9 141 158)))))
                           ()))
                        (position
                          ((start_p ("" 9 141 157)) (end_p ("" 9 141 158)))))
                       ((value
                          (Variable
                            ((value (Id l))
                              (position
                                ((start_p ("" 9 141 160))
                                  (end_p ("" 9 141 161)))))
                            ()))
                         (position
                           ((start_p ("" 9 141 160)) (end_p ("" 9 141 161))))))))
                  (position
                    ((start_p ("" 9 141 156)) (end_p ("" 9 141 162)))))))
             (position ((start_p ("" 9 141 149)) (end_p ("" 9 141 162)))))))))
    (position ((start_p ("" 9 141 141)) (end_p ("" 9 141 162)))))
  ((value
     (DefineValue
       (SimpleValue
         (((value (Id l))
            (position ((start_p ("" 10 163 167)) (end_p ("" 10 163 168)))))
           ()
           ((value
              (Apply
                ((value
                   (Variable
                     ((value (Id concat))
                       (position
                         ((start_p ("" 10 163 171)) (end_p ("" 10 163 177)))))
                     ()))
                  (position
                    ((start_p ("" 10 163 171)) (end_p ("" 10 163 177)))))
                ((value
                   (Tuple
                     (((value
                         (Variable
                           ((value (Id l))
                             (position
                               ((start_p ("" 10 163 179))
                                 (end_p ("" 10 163 180)))))
                           ()))
                        (position
                          ((start_p ("" 10 163 179)) (end_p ("" 10 163 180)))))
                       ((value
                          (Variable
                            ((value (Id l))
                              (position
                                ((start_p ("" 10 163 182))
                                  (end_p ("" 10 163 183)))))
                            ()))
                         (position
                           ((start_p ("" 10 163 182))
                             (end_p ("" 10 163 183))))))))
                  (position
                    ((start_p ("" 10 163 178)) (end_p ("" 10 163 184)))))))
             (position ((start_p ("" 10 163 171)) (end_p ("" 10 163 184)))))))))
    (position ((start_p ("" 10 163 163)) (end_p ("" 10 163 184)))))
  ((value
     (DefineValue
       (SimpleValue
         (((value (Id l))
            (position ((start_p ("" 11 185 189)) (end_p ("" 11 185 190)))))
           ()
           ((value
              (Apply
                ((value
                   (Variable
                     ((value (Id concat))
                       (position
                         ((start_p ("" 11 185 193)) (end_p ("" 11 185 199)))))
                     ()))
                  (position
                    ((start_p ("" 11 185 193)) (end_p ("" 11 185 199)))))
                ((value
                   (Tuple
                     (((value
                         (Variable
                           ((value (Id l))
                             (position
                               ((start_p ("" 11 185 201))
                                 (end_p ("" 11 185 202)))))
                           ()))
                        (position
                          ((start_p ("" 11 185 201)) (end_p ("" 11 185 202)))))
                       ((value
                          (Variable
                            ((value (Id l))
                              (position
                                ((start_p ("" 11 185 204))
                                  (end_p ("" 11 185 205)))))
                            ()))
                         (position
                           ((start_p ("" 11 185 204))
                             (end_p ("" 11 185 205))))))))
                  (position
                    ((start_p ("" 11 185 200)) (end_p ("" 11 185 206)))))))
             (position ((start_p ("" 11 185 193)) (end_p ("" 11 185 206)))))))))
    (position ((start_p ("" 11 185 185)) (end_p ("" 11 185 206)))))
  ((value
     (DefineValue
       (SimpleValue
         (((value (Id l))
            (position ((start_p ("" 12 207 211)) (end_p ("" 12 207 212)))))
           ()
           ((value
              (Apply
                ((value
                   (Variable
                     ((value (Id concat))
                       (position
                         ((start_p ("" 12 207 215)) (end_p ("" 12 207 221)))))
                     ()))
                  (position
                    ((start_p ("" 12 207 215)) (end_p ("" 12 207 221)))))
                ((value
                   (Tuple
                     (((value
                         (Variable
                           ((value (Id l))
                             (position
                               ((start_p ("" 12 207 223))
                                 (end_p ("" 12 207 224)))))
                           ()))
                        (position
                          ((start_p ("" 12 207 223)) (end_p ("" 12 207 224)))))
                       ((value
                          (Variable
                            ((value (Id l))
                              (position
                                ((start_p ("" 12 207 226))
                                  (end_p ("" 12 207 227)))))
                            ()))
                         (position
                           ((start_p ("" 12 207 226))
                             (end_p ("" 12 207 227))))))))
                  (position
                    ((start_p ("" 12 207 222)) (end_p ("" 12 207 228)))))))
             (position ((start_p ("" 12 207 215)) (end_p ("" 12 207 228)))))))))
    (position ((start_p ("" 12 207 207)) (end_p ("" 12 207 228)))))
  ((value
     (DefineValue
       (SimpleValue
         (((value (Id l))
            (position ((start_p ("" 13 229 233)) (end_p ("" 13 229 234)))))
           ()
           ((value
              (Apply
                ((value
                   (Variable
                     ((value (Id concat))
                       (position
                         ((start_p ("" 13 229 237)) (end_p ("" 13 229 243)))))
                     ()))
                  (position
                    ((start_p ("" 13 229 237)) (end_p ("" 13 229 243)))))
                ((value
                   (Tuple
                     (((value
                         (Variable
                           ((value (Id l))
                             (position
                               ((start_p ("" 13 229 245))
                                 (end_p ("" 13 229 246)))))
                           ()))
                        (position
                          ((start_p ("" 13 229 245)) (end_p ("" 13 229 246)))))
                       ((value
                          (Variable
                            ((value (Id l))
                              (position
                                ((start_p ("" 13 229 248))
                                  (end_p ("" 13 229 249)))))
                            ()))
                         (position
                           ((start_p ("" 13 229 248))
                             (end_p ("" 13 229 249))))))))
                  (position
                    ((start_p ("" 13 229 244)) (end_p ("" 13 229 250)))))))
             (position ((start_p ("" 13 229 237)) (end_p ("" 13 229 250)))))))))
    (position ((start_p ("" 13 229 229)) (end_p ("" 13 229 250)))))
  ((value
     (DefineValue
       (RecFunctions
         ((((value (Id len))
             (position ((start_p ("" 15 252 256)) (end_p ("" 15 252 259)))))
            ()
            (FunctionDefinition
              ((value
                 (PVariable
                   ((value (Id l))
                     (position
                       ((start_p ("" 15 252 261)) (end_p ("" 15 252 262)))))))
                (position
                  ((start_p ("" 15 252 260)) (end_p ("" 15 252 263)))))
              ((value
                 (Case
                   ((value
                      (Variable
                        ((value (Id l))
                          (position
                            ((start_p ("" 16 266 276))
                              (end_p ("" 16 266 277)))))
                        ()))
                     (position
                       ((start_p ("" 16 266 276)) (end_p ("" 16 266 277)))))
                   (((value
                       (Branch
                         ((value
                            (PTaggedValue
                              ((value (KId N))
                                (position
                                  ((start_p ("" 17 281 285))
                                    (end_p ("" 17 281 286)))))
                              () ()))
                           (position
                             ((start_p ("" 17 281 285))
                               (end_p ("" 17 281 286)))))
                         ((value
                            (Literal
                              ((value (LInt 0))
                                (position
                                  ((start_p ("" 17 281 290))
                                    (end_p ("" 17 281 291)))))))
                           (position
                             ((start_p ("" 17 281 290))
                               (end_p ("" 17 281 291)))))))
                      (position
                        ((start_p ("" 17 281 285)) (end_p ("" 17 281 291)))))
                     ((value
                        (Branch
                          ((value
                             (PTaggedValue
                               ((value (KId C))
                                 (position
                                   ((start_p ("" 18 292 296))
                                     (end_p ("" 18 292 297)))))
                               ()
                               (((value
                                   (PVariable
                                     ((value (Id x))
                                       (position
                                         ((start_p ("" 18 292 299))
                                           (end_p ("" 18 292 300)))))))
                                  (position
                                    ((start_p ("" 18 292 299))
                                      (end_p ("" 18 292 300)))))
                                 ((value
                                    (PVariable
                                      ((value (Id xs))
                                        (position
                                          ((start_p ("" 18 292 302))
                                            (end_p ("" 18 292 304)))))))
                                   (position
                                     ((start_p ("" 18 292 302))
                                       (end_p ("" 18 292 304))))))))
                            (position
                              ((start_p ("" 18 292 296))
                                (end_p ("" 18 292 305)))))
                          ((value
                             (Apply
                               ((value
                                  (Apply
                                    ((value
                                       (Variable
                                         ((value (Id `+`))
                                           (position
                                             ((start_p ("" 18 292 311))
                                               (end_p ("" 18 292 312)))))
                                         ()))
                                      (position
                                        ((start_p ("" 18 292 311))
                                          (end_p ("" 18 292 312)))))
                                    ((value
                                       (Literal
                                         ((value (LInt 1))
                                           (position
                                             ((start_p ("" 18 292 309))
                                               (end_p ("" 18 292 310)))))))
                                      (position
                                        ((start_p ("" 18 292 309))
                                          (end_p ("" 18 292 310)))))))
                                 (position
                                   ((start_p ("" 18 292 309))
                                     (end_p ("" 18 292 312)))))
                               ((value
                                  (Apply
                                    ((value
                                       (Variable
                                         ((value (Id len))
                                           (position
                                             ((start_p ("" 18 292 313))
                                               (end_p ("" 18 292 316)))))
                                         ()))
                                      (position
                                        ((start_p ("" 18 292 313))
                                          (end_p ("" 18 292 316)))))
                                    ((value
                                       (Variable
                                         ((value (Id xs))
                                           (position
                                             ((start_p ("" 18 292 318))
                                               (end_p ("" 18 292 320)))))
                                         ()))
                                      (position
                                        ((start_p ("" 18 292 317))
                                          (end_p ("" 18 292 321)))))))
                                 (position
                                   ((start_p ("" 18 292 313))
                                     (end_p ("" 18 292 321)))))))
                            (position
                              ((start_p ("" 18 292 309))
                                (end_p ("" 18 292 321)))))))
                       (position
                         ((start_p ("" 18 292 296)) (end_p ("" 18 292 321))))))))
                (position
                  ((start_p ("" 16 266 268)) (end_p ("" 19 322 325)))))))))))
    (position ((start_p ("" 15 252 252)) (end_p ("" 19 322 325)))))
  ((value
     (DefineValue
       (RecFunctions
         ((((value (Id sorted))
             (position ((start_p ("" 21 327 331)) (end_p ("" 21 327 337)))))
            ()
            (FunctionDefinition
              ((value
                 (PVariable
                   ((value (Id l))
                     (position
                       ((start_p ("" 21 327 339)) (end_p ("" 21 327 340)))))))
                (position
                  ((start_p ("" 21 327 338)) (end_p ("" 21 327 341)))))
              ((value
                 (Case
                   ((value
                      (Variable
                        ((value (Id l))
                          (position
                            ((start_p ("" 22 344 354))
                              (end_p ("" 22 344 355)))))
                        ()))
                     (position
                       ((start_p ("" 22 344 354)) (end_p ("" 22 344 355)))))
                   (((value
                       (Branch
                         ((value
                            (POr
                              (((value
                                  (PTaggedValue
                                    ((value (KId N))
                                      (position
                                        ((start_p ("" 23 359 363))
                                          (end_p ("" 23 359 364)))))
                                    () ()))
                                 (position
                                   ((start_p ("" 23 359 363))
                                     (end_p ("" 23 359 364)))))
                                ((value
                                   (PTaggedValue
                                     ((value (KId C))
                                       (position
                                         ((start_p ("" 23 359 367))
                                           (end_p ("" 23 359 368)))))
                                     ()
                                     (((value PWildcard)
                                        (position
                                          ((start_p ("" 23 359 370))
                                            (end_p ("" 23 359 371)))))
                                       ((value
                                          (PTaggedValue
                                            ((value (KId N))
                                              (position
                                                ((start_p ("" 23 359 373))
                                                  (end_p ("" 23 359 374)))))
                                            () ()))
                                         (position
                                           ((start_p ("" 23 359 373))
                                             (end_p ("" 23 359 374))))))))
                                  (position
                                    ((start_p ("" 23 359 367))
                                      (end_p ("" 23 359 375))))))))
                           (position
                             ((start_p ("" 23 359 363))
                               (end_p ("" 23 359 375)))))
                         ((value
                            (Variable
                              ((value (Id true))
                                (position
                                  ((start_p ("" 23 359 379))
                                    (end_p ("" 23 359 383)))))
                              ()))
                           (position
                             ((start_p ("" 23 359 379))
                               (end_p ("" 23 359 383)))))))
                      (position
                        ((start_p ("" 23 359 363)) (end_p ("" 23 359 383)))))
                     ((value
                        (Branch
                          ((value
                             (PTaggedValue
                               ((value (KId C))
                                 (position
                                   ((start_p ("" 24 384 388))
                                     (end_p ("" 24 384 389)))))
                               ()
                               (((value
                                   (PVariable
                                     ((value (Id x))
                                       (position
                                         ((start_p ("" 24 384 391))
                                           (end_p ("" 24 384 392)))))))
                                  (position
                                    ((start_p ("" 24 384 391))
                                      (end_p ("" 24 384 392)))))
                                 ((value
                                    (PAnd
                                      (((value
                                          (PTaggedValue
                                            ((value (KId C))
                                              (position
                                                ((start_p ("" 24 384 394))
                                                  (end_p ("" 24 384 395)))))
                                            ()
                                            (((value
                                                (PVariable
                                                  ((value (Id y))
                                                    (position
                                                      ((start_p
                                                         ("" 24 384 397))
                                                        (end_p
                                                          ("" 24 384 398)))))))
                                               (position
                                                 ((start_p ("" 24 384 397))
                                                   (end_p ("" 24 384 398)))))
                                              ((value PWildcard)
                                                (position
                                                  ((start_p ("" 24 384 400))
                                                    (end_p ("" 24 384 401))))))))
                                         (position
                                           ((start_p ("" 24 384 394))
                                             (end_p ("" 24 384 402)))))
                                        ((value
                                           (PVariable
                                             ((value (Id l))
                                               (position
                                                 ((start_p ("" 24 384 405))
                                                   (end_p ("" 24 384 406)))))))
                                          (position
                                            ((start_p ("" 24 384 405))
                                              (end_p ("" 24 384 406))))))))
                                   (position
                                     ((start_p ("" 24 384 394))
                                       (end_p ("" 24 384 406))))))))
                            (position
                              ((start_p ("" 24 384 388))
                                (end_p ("" 24 384 407)))))
                          ((value
                             (Apply
                               ((value
                                  (Apply
                                    ((value
                                       (Variable
                                         ((value (Id `&&`))
                                           (position
                                             ((start_p ("" 24 384 419))
                                               (end_p ("" 24 384 421)))))
                                         ()))
                                      (position
                                        ((start_p ("" 24 384 419))
                                          (end_p ("" 24 384 421)))))
                                    ((value
                                       (Apply
                                         ((value
                                            (Apply
                                              ((value
                                                 (Variable
                                                   ((value (Id `<=?`))
                                                     (position
                                                       ((start_p
                                                          ("" 24 384 413))
                                                         (end_p
                                                           ("" 24 384 416)))))
                                                   ()))
                                                (position
                                                  ((start_p ("" 24 384 413))
                                                    (end_p ("" 24 384 416)))))
                                              ((value
                                                 (Variable
                                                   ((value (Id x))
                                                     (position
                                                       ((start_p
                                                          ("" 24 384 411))
                                                         (end_p
                                                           ("" 24 384 412)))))
                                                   ()))
                                                (position
                                                  ((start_p ("" 24 384 411))
                                                    (end_p ("" 24 384 412)))))))
                                           (position
                                             ((start_p ("" 24 384 411))
                                               (end_p ("" 24 384 416)))))
                                         ((value
                                            (Variable
                                              ((value (Id y))
                                                (position
                                                  ((start_p ("" 24 384 417))
                                                    (end_p ("" 24 384 418)))))
                                              ()))
                                           (position
                                             ((start_p ("" 24 384 417))
                                               (end_p ("" 24 384 418)))))))
                                      (position
                                        ((start_p ("" 24 384 411))
                                          (end_p ("" 24 384 418)))))))
                                 (position
                                   ((start_p ("" 24 384 411))
                                     (end_p ("" 24 384 421)))))
                               ((value
                                  (Apply
                                    ((value
                                       (Variable
                                         ((value (Id sorted))
                                           (position
                                             ((start_p ("" 24 384 422))
                                               (end_p ("" 24 384 428)))))
                                         ()))
                                      (position
                                        ((start_p ("" 24 384 422))
                                          (end_p ("" 24 384 428)))))
                                    ((value
                                       (Variable
                                         ((value (Id l))
                                           (position
                                             ((start_p ("" 24 384 430))
                                               (end_p ("" 24 384 431)))))
                                         ()))
                                      (position
                                        ((start_p ("" 24 384 429))
                                          (end_p ("" 24 384 432)))))))
                                 (position
                                   ((start_p ("" 24 384 422))
                                     (end_p ("" 24 384 432)))))))
                            (position
                              ((start_p ("" 24 384 411))
                                (end_p ("" 24 384 432)))))))
                       (position
                         ((start_p ("" 24 384 388)) (end_p ("" 24 384 432))))))))
                (position
                  ((start_p ("" 22 344 346)) (end_p ("" 25 433 436)))))))))))
    (position ((start_p ("" 21 327 327)) (end_p ("" 25 433 436)))))
  ((value
     (DefineValue
       (SimpleValue
         (((value (Id l2))
            (position ((start_p ("" 27 438 442)) (end_p ("" 27 438 444)))))
           ()
           ((value
              (Tagged
                ((value (KId C))
                  (position
                    ((start_p ("" 27 438 447)) (end_p ("" 27 438 448)))))
                ()
                (((value
                    (Literal
                      ((value (LInt 1))
                        (position
                          ((start_p ("" 27 438 450)) (end_p ("" 27 438 451)))))))
                   (position
                     ((start_p ("" 27 438 450)) (end_p ("" 27 438 451)))))
                  ((value
                     (Tagged
                       ((value (KId C))
                         (position
                           ((start_p ("" 27 438 453))
                             (end_p ("" 27 438 454)))))
                       ()
                       (((value
                           (Literal
                             ((value (LInt 2))
                               (position
                                 ((start_p ("" 27 438 456))
                                   (end_p ("" 27 438 457)))))))
                          (position
                            ((start_p ("" 27 438 456))
                              (end_p ("" 27 438 457)))))
                         ((value
                            (Tagged
                              ((value (KId C))
                                (position
                                  ((start_p ("" 27 438 459))
                                    (end_p ("" 27 438 460)))))
                              ()
                              (((value
                                  (Literal
                                    ((value (LInt 6))
                                      (position
                                        ((start_p ("" 27 438 462))
                                          (end_p ("" 27 438 463)))))))
                                 (position
                                   ((start_p ("" 27 438 462))
                                     (end_p ("" 27 438 463)))))
                                ((value
                                   (Tagged
                                     ((value (KId C))
                                       (position
                                         ((start_p ("" 27 438 465))
                                           (end_p ("" 27 438 466)))))
                                     ()
                                     (((value
                                         (Literal
                                           ((value (LInt 7))
                                             (position
                                               ((start_p ("" 27 438 468))
                                                 (end_p ("" 27 438 469)))))))
                                        (position
                                          ((start_p ("" 27 438 468))
                                            (end_p ("" 27 438 469)))))
                                       ((value
                                          (Tagged
                                            ((value (KId N))
                                              (position
                                                ((start_p ("" 27 438 471))
                                                  (end_p ("" 27 438 472)))))
                                            () ()))
                                         (position
                                           ((start_p ("" 27 438 471))
                                             (end_p ("" 27 438 472))))))))
                                  (position
                                    ((start_p ("" 27 438 465))
                                      (end_p ("" 27 438 473))))))))
                           (position
                             ((start_p ("" 27 438 459))
                               (end_p ("" 27 438 474))))))))
                    (position
                      ((start_p ("" 27 438 453)) (end_p ("" 27 438 475))))))))
             (position ((start_p ("" 27 438 447)) (end_p ("" 27 438 476)))))))))
    (position ((start_p ("" 27 438 438)) (end_p ("" 27 438 476)))))
  ((value
     (DefineValue
       (SimpleValue
         (((value (Id l3))
            (position ((start_p ("" 29 478 482)) (end_p ("" 29 478 484)))))
           ()
           ((value
              (Tagged
                ((value (KId C))
                  (position
                    ((start_p ("" 29 478 487)) (end_p ("" 29 478 488)))))
                ()
                (((value
                    (Literal
                      ((value (LInt -1))
                        (position
                          ((start_p ("" 29 478 490)) (end_p ("" 29 478 492)))))))
                   (position
                     ((start_p ("" 29 478 490)) (end_p ("" 29 478 492)))))
                  ((value
                     (Tagged
                       ((value (KId C))
                         (position
                           ((start_p ("" 29 478 494))
                             (end_p ("" 29 478 495)))))
                       ()
                       (((value
                           (Literal
                             ((value (LInt 2))
                               (position
                                 ((start_p ("" 29 478 497))
                                   (end_p ("" 29 478 498)))))))
                          (position
                            ((start_p ("" 29 478 497))
                              (end_p ("" 29 478 498)))))
                         ((value
                            (Tagged
                              ((value (KId C))
                                (position
                                  ((start_p ("" 29 478 500))
                                    (end_p ("" 29 478 501)))))
                              ()
                              (((value
                                  (Literal
                                    ((value (LInt 6))
                                      (position
                                        ((start_p ("" 29 478 503))
                                          (end_p ("" 29 478 504)))))))
                                 (position
                                   ((start_p ("" 29 478 503))
                                     (end_p ("" 29 478 504)))))
                                ((value
                                   (Tagged
                                     ((value (KId C))
                                       (position
                                         ((start_p ("" 29 478 506))
                                           (end_p ("" 29 478 507)))))
                                     ()
                                     (((value
                                         (Literal
                                           ((value (LInt 70))
                                             (position
                                               ((start_p ("" 29 478 509))
                                                 (end_p ("" 29 478 511)))))))
                                        (position
                                          ((start_p ("" 29 478 509))
                                            (end_p ("" 29 478 511)))))
                                       ((value
                                          (Tagged
                                            ((value (KId N))
                                              (position
                                                ((start_p ("" 29 478 513))
                                                  (end_p ("" 29 478 514)))))
                                            () ()))
                                         (position
                                           ((start_p ("" 29 478 513))
                                             (end_p ("" 29 478 514))))))))
                                  (position
                                    ((start_p ("" 29 478 506))
                                      (end_p ("" 29 478 515))))))))
                           (position
                             ((start_p ("" 29 478 500))
                               (end_p ("" 29 478 516))))))))
                    (position
                      ((start_p ("" 29 478 494)) (end_p ("" 29 478 517))))))))
             (position ((start_p ("" 29 478 487)) (end_p ("" 29 478 518)))))))))
    (position ((start_p ("" 29 478 478)) (end_p ("" 29 478 518)))))
  ((value
     (DefineValue
       (SimpleValue
         (((value (Id l4))
            (position ((start_p ("" 31 520 524)) (end_p ("" 31 520 526)))))
           ()
           ((value
              (Tagged
                ((value (KId C))
                  (position
                    ((start_p ("" 31 520 529)) (end_p ("" 31 520 530)))))
                ()
                (((value
                    (Literal
                      ((value (LInt -1))
                        (position
                          ((start_p ("" 31 520 532)) (end_p ("" 31 520 534)))))))
                   (position
                     ((start_p ("" 31 520 532)) (end_p ("" 31 520 534)))))
                  ((value
                     (Tagged
                       ((value (KId C))
                         (position
                           ((start_p ("" 31 520 536))
                             (end_p ("" 31 520 537)))))
                       ()
                       (((value
                           (Literal
                             ((value (LInt 20))
                               (position
                                 ((start_p ("" 31 520 539))
                                   (end_p ("" 31 520 541)))))))
                          (position
                            ((start_p ("" 31 520 539))
                              (end_p ("" 31 520 541)))))
                         ((value
                            (Tagged
                              ((value (KId C))
                                (position
                                  ((start_p ("" 31 520 543))
                                    (end_p ("" 31 520 544)))))
                              ()
                              (((value
                                  (Literal
                                    ((value (LInt 6))
                                      (position
                                        ((start_p ("" 31 520 546))
                                          (end_p ("" 31 520 547)))))))
                                 (position
                                   ((start_p ("" 31 520 546))
                                     (end_p ("" 31 520 547)))))
                                ((value
                                   (Tagged
                                     ((value (KId C))
                                       (position
                                         ((start_p ("" 31 520 549))
                                           (end_p ("" 31 520 550)))))
                                     ()
                                     (((value
                                         (Literal
                                           ((value (LInt 70))
                                             (position
                                               ((start_p ("" 31 520 552))
                                                 (end_p ("" 31 520 554)))))))
                                        (position
                                          ((start_p ("" 31 520 552))
                                            (end_p ("" 31 520 554)))))
                                       ((value
                                          (Tagged
                                            ((value (KId N))
                                              (position
                                                ((start_p ("" 31 520 556))
                                                  (end_p ("" 31 520 557)))))
                                            () ()))
                                         (position
                                           ((start_p ("" 31 520 556))
                                             (end_p ("" 31 520 557))))))))
                                  (position
                                    ((start_p ("" 31 520 549))
                                      (end_p ("" 31 520 558))))))))
                           (position
                             ((start_p ("" 31 520 543))
                               (end_p ("" 31 520 559))))))))
                    (position
                      ((start_p ("" 31 520 536)) (end_p ("" 31 520 560))))))))
             (position ((start_p ("" 31 520 529)) (end_p ("" 31 520 561)))))))))
    (position ((start_p ("" 31 520 520)) (end_p ("" 31 520 561)))))
  ((value
     (DefineValue
       (RecFunctions
         ((((value (Id not))
             (position ((start_p ("" 33 563 567)) (end_p ("" 33 563 570)))))
            ()
            (FunctionDefinition
              ((value
                 (PVariable
                   ((value (Id b))
                     (position
                       ((start_p ("" 33 563 572)) (end_p ("" 33 563 573)))))))
                (position
                  ((start_p ("" 33 563 571)) (end_p ("" 33 563 574)))))
              ((value
                 (IfThenElse
                   ((value
                      (Variable
                        ((value (Id b))
                          (position
                            ((start_p ("" 33 563 581))
                              (end_p ("" 33 563 582)))))
                        ()))
                     (position
                       ((start_p ("" 33 563 581)) (end_p ("" 33 563 582)))))
                   ((value
                      (Variable
                        ((value (Id false))
                          (position
                            ((start_p ("" 33 563 586))
                              (end_p ("" 33 563 591)))))
                        ()))
                     (position
                       ((start_p ("" 33 563 586)) (end_p ("" 33 563 591)))))
                   ((value
                      (Variable
                        ((value (Id true))
                          (position
                            ((start_p ("" 33 563 601))
                              (end_p ("" 33 563 605)))))
                        ()))
                     (position
                       ((start_p ("" 33 563 601)) (end_p ("" 33 563 605)))))))
                (position
                  ((start_p ("" 33 563 577)) (end_p ("" 33 563 607)))))))))))
    (position ((start_p ("" 33 563 563)) (end_p ("" 33 563 607)))))
  ((value
     (DefineValue
       (SimpleValue
         (((value (Id r))
            (position ((start_p ("" 35 609 613)) (end_p ("" 35 609 614)))))
           ()
           ((value
              (Apply
                ((value
                   (Apply
                     ((value
                        (Variable
                          ((value (Id `&&`))
                            (position
                              ((start_p ("" 38 656 670))
                                (end_p ("" 38 656 672)))))
                          ()))
                       (position
                         ((start_p ("" 38 656 670)) (end_p ("" 38 656 672)))))
                     ((value
                        (Apply
                          ((value
                             (Apply
                               ((value
                                  (Variable
                                    ((value (Id `&&`))
                                      (position
                                        ((start_p ("" 37 639 653))
                                          (end_p ("" 37 639 655)))))
                                    ()))
                                 (position
                                   ((start_p ("" 37 639 653))
                                     (end_p ("" 37 639 655)))))
                               ((value
                                  (Apply
                                    ((value
                                       (Apply
                                         ((value
                                            (Variable
                                              ((value (Id `&&`))
                                                (position
                                                  ((start_p ("" 36 617 636))
                                                    (end_p ("" 36 617 638)))))
                                              ()))
                                           (position
                                             ((start_p ("" 36 617 636))
                                               (end_p ("" 36 617 638)))))
                                         ((value
                                            (Apply
                                              ((value
                                                 (Variable
                                                   ((value (Id not))
                                                     (position
                                                       ((start_p
                                                          ("" 36 617 619))
                                                         (end_p
                                                           ("" 36 617 622)))))
                                                   ()))
                                                (position
                                                  ((start_p ("" 36 617 619))
                                                    (end_p ("" 36 617 622)))))
                                              ((value
                                                 (Apply
                                                   ((value
                                                      (Variable
                                                        ((value (Id sorted))
                                                          (position
                                                            ((start_p
                                                               ("" 36 617
                                                                 624))
                                                              (end_p
                                                                ("" 36 617
                                                                  630)))))
                                                        ()))
                                                     (position
                                                       ((start_p
                                                          ("" 36 617 624))
                                                         (end_p
                                                           ("" 36 617 630)))))
                                                   ((value
                                                      (Variable
                                                        ((value (Id l))
                                                          (position
                                                            ((start_p
                                                               ("" 36 617
                                                                 632))
                                                              (end_p
                                                                ("" 36 617
                                                                  633)))))
                                                        ()))
                                                     (position
                                                       ((start_p
                                                          ("" 36 617 631))
                                                         (end_p
                                                           ("" 36 617 634)))))))
                                                (position
                                                  ((start_p ("" 36 617 623))
                                                    (end_p ("" 36 617 635)))))))
                                           (position
                                             ((start_p ("" 36 617 619))
                                               (end_p ("" 36 617 635)))))))
                                      (position
                                        ((start_p ("" 36 617 619))
                                          (end_p ("" 36 617 638)))))
                                    ((value
                                       (Apply
                                         ((value
                                            (Variable
                                              ((value (Id sorted))
                                                (position
                                                  ((start_p ("" 37 639 641))
                                                    (end_p ("" 37 639 647)))))
                                              ()))
                                           (position
                                             ((start_p ("" 37 639 641))
                                               (end_p ("" 37 639 647)))))
                                         ((value
                                            (Variable
                                              ((value (Id l2))
                                                (position
                                                  ((start_p ("" 37 639 649))
                                                    (end_p ("" 37 639 651)))))
                                              ()))
                                           (position
                                             ((start_p ("" 37 639 648))
                                               (end_p ("" 37 639 652)))))))
                                      (position
                                        ((start_p ("" 37 639 641))
                                          (end_p ("" 37 639 652)))))))
                                 (position
                                   ((start_p ("" 36 617 619))
                                     (end_p ("" 37 639 652)))))))
                            (position
                              ((start_p ("" 36 617 619))
                                (end_p ("" 37 639 655)))))
                          ((value
                             (Apply
                               ((value
                                  (Variable
                                    ((value (Id sorted))
                                      (position
                                        ((start_p ("" 38 656 658))
                                          (end_p ("" 38 656 664)))))
                                    ()))
                                 (position
                                   ((start_p ("" 38 656 658))
                                     (end_p ("" 38 656 664)))))
                               ((value
                                  (Variable
                                    ((value (Id l3))
                                      (position
                                        ((start_p ("" 38 656 666))
                                          (end_p ("" 38 656 668)))))
                                    ()))
                                 (position
                                   ((start_p ("" 38 656 665))
                                     (end_p ("" 38 656 669)))))))
                            (position
                              ((start_p ("" 38 656 658))
                                (end_p ("" 38 656 669)))))))
                       (position
                         ((start_p ("" 36 617 619)) (end_p ("" 38 656 669)))))))
                  (position
                    ((start_p ("" 36 617 619)) (end_p ("" 38 656 672)))))
                ((value
                   (Apply
                     ((value
                        (Variable
                          ((value (Id not))
                            (position
                              ((start_p ("" 39 673 675))
                                (end_p ("" 39 673 678)))))
                          ()))
                       (position
                         ((start_p ("" 39 673 675)) (end_p ("" 39 673 678)))))
                     ((value
                        (Apply
                          ((value
                             (Variable
                               ((value (Id sorted))
                                 (position
                                   ((start_p ("" 39 673 680))
                                     (end_p ("" 39 673 686)))))
                               ()))
                            (position
                              ((start_p ("" 39 673 680))
                                (end_p ("" 39 673 686)))))
                          ((value
                             (Variable
                               ((value (Id l4))
                                 (position
                                   ((start_p ("" 39 673 688))
                                     (end_p ("" 39 673 690)))))
                               ()))
                            (position
                              ((start_p ("" 39 673 687))
                                (end_p ("" 39 673 691)))))))
                       (position
                         ((start_p ("" 39 673 679)) (end_p ("" 39 673 692)))))))
                  (position
                    ((start_p ("" 39 673 675)) (end_p ("" 39 673 692)))))))
             (position ((start_p ("" 36 617 619)) (end_p ("" 39 673 692)))))))))
    (position ((start_p ("" 35 609 609)) (end_p ("" 39 673 692)))))
  ((value
     (DefineValue
       (SimpleValue
         (((value (Id test))
            (position ((start_p ("" 41 694 698)) (end_p ("" 41 694 702)))))
           ()
           ((value
              (Sequence
                (((value
                    (Apply
                      ((value
                         (Variable
                           ((value (Id print_string))
                             (position
                               ((start_p ("" 42 705 707))
                                 (end_p ("" 42 705 719)))))
                           ()))
                        (position
                          ((start_p ("" 42 705 707)) (end_p ("" 42 705 719)))))
                      ((value
                         (Literal
                           ((value (LString "This test is "))
                             (position
                               ((start_p ("" 42 705 735))
                                 (end_p ("" 42 705 736)))))))
                        (position
                          ((start_p ("" 42 705 720)) (end_p ("" 42 705 737)))))))
                   (position
                     ((start_p ("" 42 705 707)) (end_p ("" 42 705 737)))))
                  ((value
                     (Apply
                       ((value
                          (Variable
                            ((value (Id print_string))
                              (position
                                ((start_p ("" 43 739 741))
                                  (end_p ("" 43 739 753)))))
                            ()))
                         (position
                           ((start_p ("" 43 739 741))
                             (end_p ("" 43 739 753)))))
                       ((value
                          (IfThenElse
                            ((value
                               (Variable
                                 ((value (Id r))
                                   (position
                                     ((start_p ("" 43 739 759))
                                       (end_p ("" 43 739 760)))))
                                 ()))
                              (position
                                ((start_p ("" 43 739 759))
                                  (end_p ("" 43 739 760)))))
                            ((value
                               (Literal
                                 ((value (LString "OK!\n"))
                                   (position
                                     ((start_p ("" 43 739 770))
                                       (end_p ("" 43 739 771)))))))
                              (position
                                ((start_p ("" 43 739 770))
                                  (end_p ("" 43 739 771)))))
                            ((value
                               (Literal
                                 ((value (LString "KO!\n"))
                                   (position
                                     ((start_p ("" 43 739 787))
                                       (end_p ("" 43 739 788)))))))
                              (position
                                ((start_p ("" 43 739 787))
                                  (end_p ("" 43 739 788)))))))
                         (position
                           ((start_p ("" 43 739 754))
                             (end_p ("" 43 739 791)))))))
                    (position
                      ((start_p ("" 43 739 741)) (end_p ("" 43 739 791))))))))
             (position ((start_p ("" 42 705 707)) (end_p ("" 43 739 791)))))))))
    (position ((start_p ("" 41 694 694)) (end_p ("" 43 739 791))))))
