(((value
    (DefineValue
      (RecFunctions
        ((((value (Id double_omega))
            (position ((start_p ("" 2 17 21)) (end_p ("" 2 17 33)))))
           (((value
               (ForallTy ()
                 ((value
                    (TyArrow
                      ((value (TyCon (TCon int) ()))
                        (position ((start_p ("" 1 0 6)) (end_p ("" 1 0 9)))))
                      ((value (TyCon (TCon int) ()))
                        (position
                          ((start_p ("" 1 0 13)) (end_p ("" 1 0 16)))))))
                   (position ((start_p ("" 1 0 6)) (end_p ("" 1 0 16)))))))
              (position ((start_p ("" 1 0 5)) (end_p ("" 1 0 16))))))
           (FunctionDefinition
             ((value
                (PTypeAnnotation
                  ((value
                     (PVariable
                       ((value (Id x))
                         (position
                           ((start_p ("" 2 17 35)) (end_p ("" 2 17 36)))))))
                    (position ((start_p ("" 2 17 35)) (end_p ("" 2 17 36)))))
                  ((value (TyCon (TCon int) ()))
                    (position ((start_p ("" 2 17 39)) (end_p ("" 2 17 42)))))))
               (position ((start_p ("" 2 17 34)) (end_p ("" 2 17 43)))))
             ((value
                (Apply
                  ((value
                     (Variable
                       ((value (Id omega))
                         (position
                           ((start_p ("" 3 46 50)) (end_p ("" 3 46 55)))))
                       ()))
                    (position ((start_p ("" 3 46 50)) (end_p ("" 3 46 55)))))
                  ((value
                     (Variable
                       ((value (Id x))
                         (position
                           ((start_p ("" 3 46 57)) (end_p ("" 3 46 58)))))
                       ()))
                    (position ((start_p ("" 3 46 56)) (end_p ("" 3 46 59)))))))
               (position ((start_p ("" 3 46 50)) (end_p ("" 3 46 59)))))))
          (((value (Id omega))
             (position ((start_p ("" 5 77 81)) (end_p ("" 5 77 86)))))
            (((value
                (ForallTy ()
                  ((value
                     (TyArrow
                       ((value (TyCon (TCon int) ()))
                         (position
                           ((start_p ("" 4 60 66)) (end_p ("" 4 60 69)))))
                       ((value (TyCon (TCon int) ()))
                         (position
                           ((start_p ("" 4 60 73)) (end_p ("" 4 60 76)))))))
                    (position ((start_p ("" 4 60 66)) (end_p ("" 4 60 76)))))))
               (position ((start_p ("" 4 60 65)) (end_p ("" 4 60 76))))))
            (FunctionDefinition
              ((value
                 (PTypeAnnotation
                   ((value
                      (PVariable
                        ((value (Id x))
                          (position
                            ((start_p ("" 5 77 88)) (end_p ("" 5 77 89)))))))
                     (position ((start_p ("" 5 77 88)) (end_p ("" 5 77 89)))))
                   ((value (TyCon (TCon int) ()))
                     (position ((start_p ("" 5 77 91)) (end_p ("" 5 77 94)))))))
                (position ((start_p ("" 5 77 87)) (end_p ("" 5 77 95)))))
              ((value
                 (Apply
                   ((value
                      (Variable
                        ((value (Id double_omega))
                          (position
                            ((start_p ("" 6 98 102)) (end_p ("" 6 98 114)))))
                        ()))
                     (position
                       ((start_p ("" 6 98 102)) (end_p ("" 6 98 114)))))
                   ((value
                      (Variable
                        ((value (Id x))
                          (position
                            ((start_p ("" 6 98 116)) (end_p ("" 6 98 117)))))
                        ()))
                     (position
                       ((start_p ("" 6 98 115)) (end_p ("" 6 98 118)))))))
                (position ((start_p ("" 6 98 102)) (end_p ("" 6 98 118)))))))))))
   (position ((start_p ("" 1 0 0)) (end_p ("" 6 98 118)))))
  ((value
     (DefineValue
       (SimpleValue
         (((value (Id main))
            (position ((start_p ("" 8 120 124)) (end_p ("" 8 120 128)))))
           (((value
               (ForallTy ()
                 ((value (TyCon (TCon int) ()))
                   (position
                     ((start_p ("" 8 120 131)) (end_p ("" 8 120 134)))))))
              (position ((start_p ("" 8 120 130)) (end_p ("" 8 120 134))))))
           ((value
              (Apply
                ((value
                   (Variable
                     ((value (Id double_omega))
                       (position
                         ((start_p ("" 8 120 137)) (end_p ("" 8 120 149)))))
                     ()))
                  (position
                    ((start_p ("" 8 120 137)) (end_p ("" 8 120 149)))))
                ((value
                   (Literal
                     ((value (LInt 73))
                       (position
                         ((start_p ("" 8 120 150)) (end_p ("" 8 120 152)))))))
                  (position
                    ((start_p ("" 8 120 150)) (end_p ("" 8 120 152)))))))
             (position ((start_p ("" 8 120 137)) (end_p ("" 8 120 152)))))))))
    (position ((start_p ("" 8 120 120)) (end_p ("" 8 120 152))))))
