(((value
    (DefineValue
      (RecFunctions
        ((((value (Id apply))
            (position ((start_p ("" 2 36 40)) (end_p ("" 2 36 45)))))
           (((value
               (ForallTy
                 (((value (TId `a))
                    (position ((start_p ("" 1 0 7)) (end_p ("" 1 0 9)))))
                   ((value (TId `b))
                     (position ((start_p ("" 1 0 10)) (end_p ("" 1 0 12))))))
                 ((value
                    (TyArrow
                      ((value
                         (TyTuple
                           (((value
                               (TyArrow
                                 ((value (TyVar (TId `a)))
                                   (position
                                     ((start_p ("" 1 0 15))
                                       (end_p ("" 1 0 17)))))
                                 ((value (TyVar (TId `b)))
                                   (position
                                     ((start_p ("" 1 0 21))
                                       (end_p ("" 1 0 23)))))))
                              (position
                                ((start_p ("" 1 0 14)) (end_p ("" 1 0 24)))))
                             ((value (TyVar (TId `a)))
                               (position
                                 ((start_p ("" 1 0 27)) (end_p ("" 1 0 29))))))))
                        (position
                          ((start_p ("" 1 0 14)) (end_p ("" 1 0 29)))))
                      ((value (TyVar (TId `b)))
                        (position
                          ((start_p ("" 1 0 33)) (end_p ("" 1 0 35)))))))
                   (position ((start_p ("" 1 0 14)) (end_p ("" 1 0 35)))))))
              (position ((start_p ("" 1 0 6)) (end_p ("" 1 0 35))))))
           (FunctionDefinition
             ((value
                (PTuple
                  (((value
                      (PTypeAnnotation
                        ((value
                           (PVariable
                             ((value (Id f))
                               (position
                                 ((start_p ("" 2 36 48))
                                   (end_p ("" 2 36 49)))))))
                          (position
                            ((start_p ("" 2 36 48)) (end_p ("" 2 36 49)))))
                        ((value
                           (TyArrow
                             ((value (TyVar (TId `a)))
                               (position
                                 ((start_p ("" 2 36 52))
                                   (end_p ("" 2 36 54)))))
                             ((value (TyVar (TId `b)))
                               (position
                                 ((start_p ("" 2 36 58))
                                   (end_p ("" 2 36 60)))))))
                          (position
                            ((start_p ("" 2 36 52)) (end_p ("" 2 36 60)))))))
                     (position ((start_p ("" 2 36 47)) (end_p ("" 2 36 61)))))
                    ((value
                       (PTypeAnnotation
                         ((value
                            (PVariable
                              ((value (Id x))
                                (position
                                  ((start_p ("" 2 36 64))
                                    (end_p ("" 2 36 65)))))))
                           (position
                             ((start_p ("" 2 36 64)) (end_p ("" 2 36 65)))))
                         ((value (TyVar (TId `a)))
                           (position
                             ((start_p ("" 2 36 68)) (end_p ("" 2 36 70)))))))
                      (position
                        ((start_p ("" 2 36 63)) (end_p ("" 2 36 71))))))))
               (position ((start_p ("" 2 36 46)) (end_p ("" 2 36 72)))))
             ((value
                (Apply
                  ((value
                     (Variable
                       ((value (Id f))
                         (position
                           ((start_p ("" 2 36 75)) (end_p ("" 2 36 76)))))
                       ()))
                    (position ((start_p ("" 2 36 75)) (end_p ("" 2 36 76)))))
                  ((value
                     (Variable
                       ((value (Id x))
                         (position
                           ((start_p ("" 2 36 78)) (end_p ("" 2 36 79)))))
                       ()))
                    (position ((start_p ("" 2 36 77)) (end_p ("" 2 36 80)))))))
               (position ((start_p ("" 2 36 75)) (end_p ("" 2 36 80)))))))))))
   (position ((start_p ("" 1 0 0)) (end_p ("" 2 36 80)))))
  ((value
     (DefineValue
       (RecFunctions
         ((((value (Id curry))
             (position ((start_p ("" 5 135 139)) (end_p ("" 5 135 144)))))
            (((value
                (ForallTy
                  (((value (TId `a))
                     (position ((start_p ("" 4 82 89)) (end_p ("" 4 82 91)))))
                    ((value (TId `b))
                      (position
                        ((start_p ("" 4 82 92)) (end_p ("" 4 82 94)))))
                    ((value (TId `c))
                      (position
                        ((start_p ("" 4 82 95)) (end_p ("" 4 82 97))))))
                  ((value
                     (TyArrow
                       ((value
                          (TyArrow
                            ((value (TyVar (TId `a)))
                              (position
                                ((start_p ("" 4 82 100))
                                  (end_p ("" 4 82 102)))))
                            ((value
                               (TyArrow
                                 ((value (TyVar (TId `b)))
                                   (position
                                     ((start_p ("" 4 82 106))
                                       (end_p ("" 4 82 108)))))
                                 ((value (TyVar (TId `c)))
                                   (position
                                     ((start_p ("" 4 82 112))
                                       (end_p ("" 4 82 114)))))))
                              (position
                                ((start_p ("" 4 82 106))
                                  (end_p ("" 4 82 114)))))))
                         (position
                           ((start_p ("" 4 82 99)) (end_p ("" 4 82 115)))))
                       ((value
                          (TyArrow
                            ((value
                               (TyTuple
                                 (((value (TyVar (TId `a)))
                                    (position
                                      ((start_p ("" 4 82 120))
                                        (end_p ("" 4 82 122)))))
                                   ((value (TyVar (TId `b)))
                                     (position
                                       ((start_p ("" 4 82 125))
                                         (end_p ("" 4 82 127))))))))
                              (position
                                ((start_p ("" 4 82 120))
                                  (end_p ("" 4 82 127)))))
                            ((value (TyVar (TId `c)))
                              (position
                                ((start_p ("" 4 82 131))
                                  (end_p ("" 4 82 133)))))))
                         (position
                           ((start_p ("" 4 82 119)) (end_p ("" 4 82 134)))))))
                    (position ((start_p ("" 4 82 99)) (end_p ("" 4 82 134)))))))
               (position ((start_p ("" 4 82 88)) (end_p ("" 4 82 134))))))
            (FunctionDefinition
              ((value
                 (PTypeAnnotation
                   ((value
                      (PVariable
                        ((value (Id f))
                          (position
                            ((start_p ("" 5 135 146)) (end_p ("" 5 135 147)))))))
                     (position
                       ((start_p ("" 5 135 146)) (end_p ("" 5 135 147)))))
                   ((value
                      (TyArrow
                        ((value (TyVar (TId `a)))
                          (position
                            ((start_p ("" 5 135 150)) (end_p ("" 5 135 152)))))
                        ((value
                           (TyArrow
                             ((value (TyVar (TId `b)))
                               (position
                                 ((start_p ("" 5 135 156))
                                   (end_p ("" 5 135 158)))))
                             ((value (TyVar (TId `c)))
                               (position
                                 ((start_p ("" 5 135 162))
                                   (end_p ("" 5 135 164)))))))
                          (position
                            ((start_p ("" 5 135 156)) (end_p ("" 5 135 164)))))))
                     (position
                       ((start_p ("" 5 135 150)) (end_p ("" 5 135 164)))))))
                (position ((start_p ("" 5 135 145)) (end_p ("" 5 135 165)))))
              ((value
                 (Define
                   (RecFunctions
                     ((((value (Id fc))
                         (position
                           ((start_p ("" 7 192 200)) (end_p ("" 7 192 202)))))
                        (((value
                            (ForallTy ()
                              ((value
                                 (TyArrow
                                   ((value
                                      (TyTuple
                                        (((value (TyVar (TId `a)))
                                           (position
                                             ((start_p ("" 6 168 178))
                                               (end_p ("" 6 168 180)))))
                                          ((value (TyVar (TId `b)))
                                            (position
                                              ((start_p ("" 6 168 183))
                                                (end_p ("" 6 168 185))))))))
                                     (position
                                       ((start_p ("" 6 168 178))
                                         (end_p ("" 6 168 185)))))
                                   ((value (TyVar (TId `c)))
                                     (position
                                       ((start_p ("" 6 168 189))
                                         (end_p ("" 6 168 191)))))))
                                (position
                                  ((start_p ("" 6 168 178))
                                    (end_p ("" 6 168 191)))))))
                           (position
                             ((start_p ("" 6 168 177))
                               (end_p ("" 6 168 191))))))
                        (FunctionDefinition
                          ((value
                             (PTuple
                               (((value
                                   (PTypeAnnotation
                                     ((value
                                        (PVariable
                                          ((value (Id x))
                                            (position
                                              ((start_p ("" 7 192 205))
                                                (end_p ("" 7 192 206)))))))
                                       (position
                                         ((start_p ("" 7 192 205))
                                           (end_p ("" 7 192 206)))))
                                     ((value (TyVar (TId `a)))
                                       (position
                                         ((start_p ("" 7 192 208))
                                           (end_p ("" 7 192 210)))))))
                                  (position
                                    ((start_p ("" 7 192 204))
                                      (end_p ("" 7 192 211)))))
                                 ((value
                                    (PTypeAnnotation
                                      ((value
                                         (PVariable
                                           ((value (Id y))
                                             (position
                                               ((start_p ("" 7 192 214))
                                                 (end_p ("" 7 192 215)))))))
                                        (position
                                          ((start_p ("" 7 192 214))
                                            (end_p ("" 7 192 215)))))
                                      ((value (TyVar (TId `b)))
                                        (position
                                          ((start_p ("" 7 192 218))
                                            (end_p ("" 7 192 220)))))))
                                   (position
                                     ((start_p ("" 7 192 213))
                                       (end_p ("" 7 192 221))))))))
                            (position
                              ((start_p ("" 7 192 203))
                                (end_p ("" 7 192 222)))))
                          ((value
                             (Apply
                               ((value
                                  (Apply
                                    ((value
                                       (Variable
                                         ((value (Id f))
                                           (position
                                             ((start_p ("" 7 192 226))
                                               (end_p ("" 7 192 227)))))
                                         ()))
                                      (position
                                        ((start_p ("" 7 192 226))
                                          (end_p ("" 7 192 227)))))
                                    ((value
                                       (Variable
                                         ((value (Id x))
                                           (position
                                             ((start_p ("" 7 192 229))
                                               (end_p ("" 7 192 230)))))
                                         ()))
                                      (position
                                        ((start_p ("" 7 192 228))
                                          (end_p ("" 7 192 231)))))))
                                 (position
                                   ((start_p ("" 7 192 225))
                                     (end_p ("" 7 192 232)))))
                               ((value
                                  (Variable
                                    ((value (Id y))
                                      (position
                                        ((start_p ("" 7 192 234))
                                          (end_p ("" 7 192 235)))))
                                    ()))
                                 (position
                                   ((start_p ("" 7 192 233))
                                     (end_p ("" 7 192 236)))))))
                            (position
                              ((start_p ("" 7 192 225))
                                (end_p ("" 7 192 236)))))))))
                   ((value
                      (Variable
                        ((value (Id fc))
                          (position
                            ((start_p ("" 8 238 242)) (end_p ("" 8 238 244)))))
                        ()))
                     (position
                       ((start_p ("" 8 238 242)) (end_p ("" 8 238 244)))))))
                (position ((start_p ("" 6 168 172)) (end_p ("" 8 238 244)))))))))))
    (position ((start_p ("" 4 82 82)) (end_p ("" 8 238 244)))))
  ((value
     (DefineValue
       (RecFunctions
         ((((value (Id uncurry))
             (position ((start_p ("" 11 299 303)) (end_p ("" 11 299 310)))))
            (((value
                (ForallTy
                  (((value (TId `a))
                     (position
                       ((start_p ("" 10 246 253)) (end_p ("" 10 246 255)))))
                    ((value (TId `b))
                      (position
                        ((start_p ("" 10 246 256)) (end_p ("" 10 246 258)))))
                    ((value (TId `c))
                      (position
                        ((start_p ("" 10 246 259)) (end_p ("" 10 246 261))))))
                  ((value
                     (TyArrow
                       ((value
                          (TyArrow
                            ((value
                               (TyTuple
                                 (((value (TyVar (TId `a)))
                                    (position
                                      ((start_p ("" 10 246 264))
                                        (end_p ("" 10 246 266)))))
                                   ((value (TyVar (TId `b)))
                                     (position
                                       ((start_p ("" 10 246 269))
                                         (end_p ("" 10 246 271))))))))
                              (position
                                ((start_p ("" 10 246 264))
                                  (end_p ("" 10 246 271)))))
                            ((value (TyVar (TId `c)))
                              (position
                                ((start_p ("" 10 246 275))
                                  (end_p ("" 10 246 277)))))))
                         (position
                           ((start_p ("" 10 246 263))
                             (end_p ("" 10 246 278)))))
                       ((value
                          (TyArrow
                            ((value (TyVar (TId `b)))
                              (position
                                ((start_p ("" 10 246 283))
                                  (end_p ("" 10 246 285)))))
                            ((value
                               (TyArrow
                                 ((value (TyVar (TId `a)))
                                   (position
                                     ((start_p ("" 10 246 289))
                                       (end_p ("" 10 246 291)))))
                                 ((value (TyVar (TId `c)))
                                   (position
                                     ((start_p ("" 10 246 295))
                                       (end_p ("" 10 246 297)))))))
                              (position
                                ((start_p ("" 10 246 289))
                                  (end_p ("" 10 246 297)))))))
                         (position
                           ((start_p ("" 10 246 282))
                             (end_p ("" 10 246 298)))))))
                    (position
                      ((start_p ("" 10 246 263)) (end_p ("" 10 246 298)))))))
               (position ((start_p ("" 10 246 252)) (end_p ("" 10 246 298))))))
            (FunctionDefinition
              ((value
                 (PTypeAnnotation
                   ((value
                      (PVariable
                        ((value (Id f))
                          (position
                            ((start_p ("" 11 299 313))
                              (end_p ("" 11 299 314)))))))
                     (position
                       ((start_p ("" 11 299 313)) (end_p ("" 11 299 314)))))
                   ((value
                      (TyArrow
                        ((value
                           (TyTuple
                             (((value (TyVar (TId `a)))
                                (position
                                  ((start_p ("" 11 299 317))
                                    (end_p ("" 11 299 319)))))
                               ((value (TyVar (TId `b)))
                                 (position
                                   ((start_p ("" 11 299 322))
                                     (end_p ("" 11 299 324))))))))
                          (position
                            ((start_p ("" 11 299 317))
                              (end_p ("" 11 299 324)))))
                        ((value (TyVar (TId `c)))
                          (position
                            ((start_p ("" 11 299 328))
                              (end_p ("" 11 299 330)))))))
                     (position
                       ((start_p ("" 11 299 317)) (end_p ("" 11 299 330)))))))
                (position
                  ((start_p ("" 11 299 312)) (end_p ("" 11 299 331)))))
              ((value
                 (Define
                   (RecFunctions
                     ((((value (Id fu))
                         (position
                           ((start_p ("" 13 359 365))
                             (end_p ("" 13 359 367)))))
                        (((value
                            (ForallTy ()
                              ((value
                                 (TyArrow
                                   ((value (TyVar (TId `a)))
                                     (position
                                       ((start_p ("" 12 334 344))
                                         (end_p ("" 12 334 346)))))
                                   ((value
                                      (TyArrow
                                        ((value (TyVar (TId `b)))
                                          (position
                                            ((start_p ("" 12 334 350))
                                              (end_p ("" 12 334 352)))))
                                        ((value (TyVar (TId `c)))
                                          (position
                                            ((start_p ("" 12 334 356))
                                              (end_p ("" 12 334 358)))))))
                                     (position
                                       ((start_p ("" 12 334 350))
                                         (end_p ("" 12 334 358)))))))
                                (position
                                  ((start_p ("" 12 334 344))
                                    (end_p ("" 12 334 358)))))))
                           (position
                             ((start_p ("" 12 334 343))
                               (end_p ("" 12 334 358))))))
                        (FunctionDefinition
                          ((value
                             (PTypeAnnotation
                               ((value
                                  (PVariable
                                    ((value (Id x))
                                      (position
                                        ((start_p ("" 13 359 369))
                                          (end_p ("" 13 359 370)))))))
                                 (position
                                   ((start_p ("" 13 359 369))
                                     (end_p ("" 13 359 370)))))
                               ((value (TyVar (TId `a)))
                                 (position
                                   ((start_p ("" 13 359 373))
                                     (end_p ("" 13 359 375)))))))
                            (position
                              ((start_p ("" 13 359 368))
                                (end_p ("" 13 359 376)))))
                          ((value
                             (Define
                               (RecFunctions
                                 ((((value (Id g))
                                     (position
                                       ((start_p ("" 15 401 408))
                                         (end_p ("" 15 401 409)))))
                                    (((value
                                        (ForallTy ()
                                          ((value
                                             (TyArrow
                                               ((value (TyVar (TId `b)))
                                                 (position
                                                   ((start_p ("" 14 379 392))
                                                     (end_p ("" 14 379 394)))))
                                               ((value (TyVar (TId `c)))
                                                 (position
                                                   ((start_p ("" 14 379 398))
                                                     (end_p ("" 14 379 400)))))))
                                            (position
                                              ((start_p ("" 14 379 392))
                                                (end_p ("" 14 379 400)))))))
                                       (position
                                         ((start_p ("" 14 379 391))
                                           (end_p ("" 14 379 400))))))
                                    (FunctionDefinition
                                      ((value
                                         (PTypeAnnotation
                                           ((value
                                              (PVariable
                                                ((value (Id y))
                                                  (position
                                                    ((start_p
                                                       ("" 15 401 411))
                                                      (end_p ("" 15 401 412)))))))
                                             (position
                                               ((start_p ("" 15 401 411))
                                                 (end_p ("" 15 401 412)))))
                                           ((value (TyVar (TId `b)))
                                             (position
                                               ((start_p ("" 15 401 415))
                                                 (end_p ("" 15 401 417)))))))
                                        (position
                                          ((start_p ("" 15 401 410))
                                            (end_p ("" 15 401 418)))))
                                      ((value
                                         (Apply
                                           ((value
                                              (Variable
                                                ((value (Id f))
                                                  (position
                                                    ((start_p
                                                       ("" 15 401 421))
                                                      (end_p ("" 15 401 422)))))
                                                ()))
                                             (position
                                               ((start_p ("" 15 401 421))
                                                 (end_p ("" 15 401 422)))))
                                           ((value
                                              (Tuple
                                                (((value
                                                    (Variable
                                                      ((value (Id x))
                                                        (position
                                                          ((start_p
                                                             ("" 15 401 424))
                                                            (end_p
                                                              ("" 15 401 425)))))
                                                      ()))
                                                   (position
                                                     ((start_p
                                                        ("" 15 401 424))
                                                       (end_p
                                                         ("" 15 401 425)))))
                                                  ((value
                                                     (Variable
                                                       ((value (Id y))
                                                         (position
                                                           ((start_p
                                                              ("" 15 401 427))
                                                             (end_p
                                                               ("" 15 401
                                                                 428)))))
                                                       ()))
                                                    (position
                                                      ((start_p
                                                         ("" 15 401 427))
                                                        (end_p
                                                          ("" 15 401 428))))))))
                                             (position
                                               ((start_p ("" 15 401 423))
                                                 (end_p ("" 15 401 429)))))))
                                        (position
                                          ((start_p ("" 15 401 421))
                                            (end_p ("" 15 401 429)))))))))
                               ((value
                                  (Variable
                                    ((value (Id g))
                                      (position
                                        ((start_p ("" 16 431 437))
                                          (end_p ("" 16 431 438)))))
                                    ()))
                                 (position
                                   ((start_p ("" 16 431 437))
                                     (end_p ("" 16 431 438)))))))
                            (position
                              ((start_p ("" 14 379 385))
                                (end_p ("" 16 431 439)))))))))
                   ((value
                      (Variable
                        ((value (Id fu))
                          (position
                            ((start_p ("" 17 441 445))
                              (end_p ("" 17 441 447)))))
                        ()))
                     (position
                       ((start_p ("" 17 441 445)) (end_p ("" 17 441 447)))))))
                (position
                  ((start_p ("" 12 334 338)) (end_p ("" 17 441 447)))))))))))
    (position ((start_p ("" 10 246 246)) (end_p ("" 17 441 447)))))
  ((value
     (DefineValue
       (RecFunctions
         ((((value (Id id_int))
             (position ((start_p ("" 20 466 469)) (end_p ("" 20 466 475)))))
            (((value
                (ForallTy ()
                  ((value
                     (TyArrow
                       ((value (TyCon (TCon int) ()))
                         (position
                           ((start_p ("" 19 449 455))
                             (end_p ("" 19 449 458)))))
                       ((value (TyCon (TCon int) ()))
                         (position
                           ((start_p ("" 19 449 462))
                             (end_p ("" 19 449 465)))))))
                    (position
                      ((start_p ("" 19 449 455)) (end_p ("" 19 449 465)))))))
               (position ((start_p ("" 19 449 454)) (end_p ("" 19 449 465))))))
            (FunctionDefinition
              ((value
                 (PTypeAnnotation
                   ((value
                      (PVariable
                        ((value (Id x))
                          (position
                            ((start_p ("" 20 466 477))
                              (end_p ("" 20 466 478)))))))
                     (position
                       ((start_p ("" 20 466 477)) (end_p ("" 20 466 478)))))
                   ((value (TyCon (TCon int) ()))
                     (position
                       ((start_p ("" 20 466 481)) (end_p ("" 20 466 484)))))))
                (position
                  ((start_p ("" 20 466 476)) (end_p ("" 20 466 485)))))
              ((value
                 (Variable
                   ((value (Id x))
                     (position
                       ((start_p ("" 20 466 488)) (end_p ("" 20 466 489)))))
                   ()))
                (position
                  ((start_p ("" 20 466 488)) (end_p ("" 20 466 489)))))))))))
    (position ((start_p ("" 19 449 449)) (end_p ("" 20 466 489)))))
  ((value
     (DefineValue
       (SimpleValue
         (((value (Id main))
            (position ((start_p ("" 22 491 495)) (end_p ("" 22 491 499)))))
           (((value
               (ForallTy ()
                 ((value (TyCon (TCon int) ()))
                   (position
                     ((start_p ("" 22 491 502)) (end_p ("" 22 491 505)))))))
              (position ((start_p ("" 22 491 501)) (end_p ("" 22 491 505))))))
           ((value
              (Apply
                ((value
                   (Apply
                     ((value
                        (Variable
                          ((value (Id curry))
                            (position
                              ((start_p ("" 23 508 512))
                                (end_p ("" 23 508 517)))))
                          ((((value
                               (TyArrow
                                 ((value (TyCon (TCon int) ()))
                                   (position
                                     ((start_p ("" 23 508 518))
                                       (end_p ("" 23 508 521)))))
                                 ((value (TyCon (TCon int) ()))
                                   (position
                                     ((start_p ("" 23 508 525))
                                       (end_p ("" 23 508 528)))))))
                              (position
                                ((start_p ("" 23 508 518))
                                  (end_p ("" 23 508 528)))))
                             ((value (TyCon (TCon int) ()))
                               (position
                                 ((start_p ("" 23 508 530))
                                   (end_p ("" 23 508 533)))))
                             ((value (TyCon (TCon int) ()))
                               (position
                                 ((start_p ("" 23 508 535))
                                   (end_p ("" 23 508 538)))))))))
                       (position
                         ((start_p ("" 23 508 512)) (end_p ("" 23 508 539)))))
                     ((value
                        (Apply
                          ((value
                             (Variable
                               ((value (Id uncurry))
                                 (position
                                   ((start_p ("" 23 508 541))
                                     (end_p ("" 23 508 548)))))
                               ((((value
                                    (TyArrow
                                      ((value (TyCon (TCon int) ()))
                                        (position
                                          ((start_p ("" 23 508 549))
                                            (end_p ("" 23 508 552)))))
                                      ((value (TyCon (TCon int) ()))
                                        (position
                                          ((start_p ("" 23 508 556))
                                            (end_p ("" 23 508 559)))))))
                                   (position
                                     ((start_p ("" 23 508 549))
                                       (end_p ("" 23 508 559)))))
                                  ((value (TyCon (TCon int) ()))
                                    (position
                                      ((start_p ("" 23 508 561))
                                        (end_p ("" 23 508 564)))))
                                  ((value (TyCon (TCon int) ()))
                                    (position
                                      ((start_p ("" 23 508 566))
                                        (end_p ("" 23 508 569)))))))))
                            (position
                              ((start_p ("" 23 508 541))
                                (end_p ("" 23 508 570)))))
                          ((value
                             (Variable
                               ((value (Id apply))
                                 (position
                                   ((start_p ("" 23 508 572))
                                     (end_p ("" 23 508 577)))))
                               ((((value (TyCon (TCon int) ()))
                                   (position
                                     ((start_p ("" 23 508 578))
                                       (end_p ("" 23 508 581)))))
                                  ((value (TyCon (TCon int) ()))
                                    (position
                                      ((start_p ("" 23 508 583))
                                        (end_p ("" 23 508 586)))))))))
                            (position
                              ((start_p ("" 23 508 571))
                                (end_p ("" 23 508 588)))))))
                       (position
                         ((start_p ("" 23 508 540)) (end_p ("" 23 508 589)))))))
                  (position
                    ((start_p ("" 23 508 511)) (end_p ("" 23 508 590)))))
                ((value
                   (Tuple
                     (((value
                         (Variable
                           ((value (Id id_int))
                             (position
                               ((start_p ("" 23 508 592))
                                 (end_p ("" 23 508 598)))))
                           ()))
                        (position
                          ((start_p ("" 23 508 592)) (end_p ("" 23 508 598)))))
                       ((value
                          (Literal
                            ((value (LInt 37))
                              (position
                                ((start_p ("" 23 508 600))
                                  (end_p ("" 23 508 602)))))))
                         (position
                           ((start_p ("" 23 508 600))
                             (end_p ("" 23 508 602))))))))
                  (position
                    ((start_p ("" 23 508 591)) (end_p ("" 23 508 603)))))))
             (position ((start_p ("" 23 508 511)) (end_p ("" 23 508 603)))))))))
    (position ((start_p ("" 22 491 491)) (end_p ("" 23 508 603))))))
