(((value
    (DefineType
      ((value (TCon f)) (position ((start_p ("" 1 0 5)) (end_p ("" 1 0 6)))))
      (((value (TId `a))
         (position ((start_p ("" 1 0 7)) (end_p ("" 1 0 9)))))
        ((value (TId `b))
          (position ((start_p ("" 1 0 11)) (end_p ("" 1 0 13))))))
      (DefineRecordType
        ((((value (LId apply))
            (position ((start_p ("" 1 0 19)) (end_p ("" 1 0 24)))))
           ((value
              (TyArrow
                ((value (TyVar (TId `a)))
                  (position ((start_p ("" 1 0 27)) (end_p ("" 1 0 29)))))
                ((value (TyVar (TId `b)))
                  (position ((start_p ("" 1 0 33)) (end_p ("" 1 0 35)))))))
             (position ((start_p ("" 1 0 27)) (end_p ("" 1 0 35))))))))))
   (position ((start_p ("" 1 0 0)) (end_p ("" 1 0 37)))))
  ((value
     (DefineValue
       (RecFunctions
         ((((value (Id f))
             (position ((start_p ("" 4 56 60)) (end_p ("" 4 56 61)))))
            (((value
                (ForallTy ()
                  ((value
                     (TyArrow
                       ((value (TyCon (TCon int) ()))
                         (position
                           ((start_p ("" 3 39 45)) (end_p ("" 3 39 48)))))
                       ((value (TyCon (TCon int) ()))
                         (position
                           ((start_p ("" 3 39 52)) (end_p ("" 3 39 55)))))))
                    (position ((start_p ("" 3 39 45)) (end_p ("" 3 39 55)))))))
               (position ((start_p ("" 3 39 44)) (end_p ("" 3 39 55))))))
            (FunctionDefinition
              ((value
                 (PTypeAnnotation
                   ((value
                      (PVariable
                        ((value (Id x))
                          (position
                            ((start_p ("" 4 56 63)) (end_p ("" 4 56 64)))))))
                     (position ((start_p ("" 4 56 63)) (end_p ("" 4 56 64)))))
                   ((value (TyCon (TCon int) ()))
                     (position ((start_p ("" 4 56 67)) (end_p ("" 4 56 70)))))))
                (position ((start_p ("" 4 56 62)) (end_p ("" 4 56 71)))))
              ((value
                 (Apply
                   ((value
                      (Apply
                        ((value
                           (Variable
                             ((value (Id `+`))
                               (position
                                 ((start_p ("" 4 56 76))
                                   (end_p ("" 4 56 77)))))
                             ()))
                          (position
                            ((start_p ("" 4 56 76)) (end_p ("" 4 56 77)))))
                        ((value
                           (Variable
                             ((value (Id x))
                               (position
                                 ((start_p ("" 4 56 74))
                                   (end_p ("" 4 56 75)))))
                             ()))
                          (position
                            ((start_p ("" 4 56 74)) (end_p ("" 4 56 75)))))))
                     (position ((start_p ("" 4 56 74)) (end_p ("" 4 56 77)))))
                   ((value
                      (Literal
                        ((value (LInt 1))
                          (position
                            ((start_p ("" 4 56 78)) (end_p ("" 4 56 79)))))))
                     (position ((start_p ("" 4 56 78)) (end_p ("" 4 56 79)))))))
                (position ((start_p ("" 4 56 74)) (end_p ("" 4 56 79)))))))))))
    (position ((start_p ("" 3 39 39)) (end_p ("" 4 56 79)))))
  ((value
     (DefineValue
       (SimpleValue
         (((value (Id boxed_f))
            (position ((start_p ("" 6 81 85)) (end_p ("" 6 81 92)))))
           (((value
               (ForallTy ()
                 ((value
                    (TyCon (TCon f)
                      (((value (TyCon (TCon int) ()))
                         (position
                           ((start_p ("" 6 81 97)) (end_p ("" 6 81 100)))))
                        ((value (TyCon (TCon int) ()))
                          (position
                            ((start_p ("" 6 81 102)) (end_p ("" 6 81 105))))))))
                   (position ((start_p ("" 6 81 95)) (end_p ("" 6 81 106)))))))
              (position ((start_p ("" 6 81 94)) (end_p ("" 6 81 106))))))
           ((value
              (Record
                ((((value (LId apply))
                    (position
                      ((start_p ("" 6 81 111)) (end_p ("" 6 81 116)))))
                   ((value
                      (Variable
                        ((value (Id f))
                          (position
                            ((start_p ("" 6 81 119)) (end_p ("" 6 81 120)))))
                        ()))
                     (position
                       ((start_p ("" 6 81 119)) (end_p ("" 6 81 120)))))))
                ((((value (TyCon (TCon int) ()))
                    (position
                      ((start_p ("" 6 81 123)) (end_p ("" 6 81 126)))))
                   ((value (TyCon (TCon int) ()))
                     (position
                       ((start_p ("" 6 81 128)) (end_p ("" 6 81 131)))))))))
             (position ((start_p ("" 6 81 109)) (end_p ("" 6 81 132)))))))))
    (position ((start_p ("" 6 81 81)) (end_p ("" 6 81 132)))))
  ((value
     (DefineValue
       (RecFunctions
         ((((value (Id apply_boxed_f))
             (position ((start_p ("" 9 169 173)) (end_p ("" 9 169 186)))))
            (((value
                (ForallTy
                  (((value (TId `a))
                     (position
                       ((start_p ("" 8 134 141)) (end_p ("" 8 134 143)))))
                    ((value (TId `b))
                      (position
                        ((start_p ("" 8 134 144)) (end_p ("" 8 134 146))))))
                  ((value
                     (TyArrow
                       ((value
                          (TyTuple
                            (((value
                                (TyCon (TCon f)
                                  (((value (TyVar (TId `a)))
                                     (position
                                       ((start_p ("" 8 134 150))
                                         (end_p ("" 8 134 152)))))
                                    ((value (TyVar (TId `b)))
                                      (position
                                        ((start_p ("" 8 134 154))
                                          (end_p ("" 8 134 156))))))))
                               (position
                                 ((start_p ("" 8 134 148))
                                   (end_p ("" 8 134 157)))))
                              ((value (TyVar (TId `a)))
                                (position
                                  ((start_p ("" 8 134 160))
                                    (end_p ("" 8 134 162))))))))
                         (position
                           ((start_p ("" 8 134 148)) (end_p ("" 8 134 162)))))
                       ((value (TyVar (TId `b)))
                         (position
                           ((start_p ("" 8 134 166)) (end_p ("" 8 134 168)))))))
                    (position
                      ((start_p ("" 8 134 148)) (end_p ("" 8 134 168)))))))
               (position ((start_p ("" 8 134 140)) (end_p ("" 8 134 168))))))
            (FunctionDefinition
              ((value
                 (PTuple
                   (((value
                       (PTypeAnnotation
                         ((value
                            (PVariable
                              ((value (Id boxed_f))
                                (position
                                  ((start_p ("" 9 169 189))
                                    (end_p ("" 9 169 196)))))))
                           (position
                             ((start_p ("" 9 169 189))
                               (end_p ("" 9 169 196)))))
                         ((value
                            (TyCon (TCon f)
                              (((value (TyVar (TId `a)))
                                 (position
                                   ((start_p ("" 9 169 201))
                                     (end_p ("" 9 169 203)))))
                                ((value (TyVar (TId `b)))
                                  (position
                                    ((start_p ("" 9 169 205))
                                      (end_p ("" 9 169 207))))))))
                           (position
                             ((start_p ("" 9 169 199))
                               (end_p ("" 9 169 208)))))))
                      (position
                        ((start_p ("" 9 169 188)) (end_p ("" 9 169 209)))))
                     ((value
                        (PTypeAnnotation
                          ((value
                             (PVariable
                               ((value (Id a))
                                 (position
                                   ((start_p ("" 9 169 212))
                                     (end_p ("" 9 169 213)))))))
                            (position
                              ((start_p ("" 9 169 212))
                                (end_p ("" 9 169 213)))))
                          ((value (TyVar (TId `a)))
                            (position
                              ((start_p ("" 9 169 216))
                                (end_p ("" 9 169 218)))))))
                       (position
                         ((start_p ("" 9 169 211)) (end_p ("" 9 169 219))))))))
                (position ((start_p ("" 9 169 187)) (end_p ("" 9 169 220)))))
              ((value
                 (Apply
                   ((value
                      (Field
                        ((value
                           (Variable
                             ((value (Id boxed_f))
                               (position
                                 ((start_p ("" 9 169 223))
                                   (end_p ("" 9 169 230)))))
                             ()))
                          (position
                            ((start_p ("" 9 169 223)) (end_p ("" 9 169 230)))))
                        ((value (LId apply))
                          (position
                            ((start_p ("" 9 169 231)) (end_p ("" 9 169 236)))))))
                     (position
                       ((start_p ("" 9 169 223)) (end_p ("" 9 169 236)))))
                   ((value
                      (Variable
                        ((value (Id a))
                          (position
                            ((start_p ("" 9 169 238)) (end_p ("" 9 169 239)))))
                        ()))
                     (position
                       ((start_p ("" 9 169 237)) (end_p ("" 9 169 240)))))))
                (position ((start_p ("" 9 169 223)) (end_p ("" 9 169 240)))))))))))
    (position ((start_p ("" 8 134 134)) (end_p ("" 9 169 240)))))
  ((value
     (DefineValue
       (SimpleValue
         (((value (Id main))
            (position ((start_p ("" 11 242 246)) (end_p ("" 11 242 250)))))
           (((value
               (ForallTy ()
                 ((value (TyCon (TCon int) ()))
                   (position
                     ((start_p ("" 11 242 253)) (end_p ("" 11 242 256)))))))
              (position ((start_p ("" 11 242 252)) (end_p ("" 11 242 256))))))
           ((value
              (Apply
                ((value
                   (Variable
                     ((value (Id apply_boxed_f))
                       (position
                         ((start_p ("" 11 242 259)) (end_p ("" 11 242 272)))))
                     ((((value (TyCon (TCon int) ()))
                         (position
                           ((start_p ("" 11 242 273))
                             (end_p ("" 11 242 276)))))
                        ((value (TyCon (TCon int) ()))
                          (position
                            ((start_p ("" 11 242 278))
                              (end_p ("" 11 242 281)))))))))
                  (position
                    ((start_p ("" 11 242 259)) (end_p ("" 11 242 282)))))
                ((value
                   (Tuple
                     (((value
                         (Variable
                           ((value (Id boxed_f))
                             (position
                               ((start_p ("" 11 242 283))
                                 (end_p ("" 11 242 290)))))
                           ()))
                        (position
                          ((start_p ("" 11 242 283)) (end_p ("" 11 242 290)))))
                       ((value
                          (Literal
                            ((value (LInt 42))
                              (position
                                ((start_p ("" 11 242 292))
                                  (end_p ("" 11 242 294)))))))
                         (position
                           ((start_p ("" 11 242 292))
                             (end_p ("" 11 242 294))))))))
                  (position
                    ((start_p ("" 11 242 282)) (end_p ("" 11 242 295)))))))
             (position ((start_p ("" 11 242 259)) (end_p ("" 11 242 295)))))))))
    (position ((start_p ("" 11 242 242)) (end_p ("" 11 242 295))))))
