(((value
    (DefineType
      ((value (TCon option))
        (position ((start_p ("" 1 0 5)) (end_p ("" 1 0 11)))))
      (((value (TId `a))
         (position ((start_p ("" 1 0 12)) (end_p ("" 1 0 14))))))
      (DefineSumType
        ((((value (KId None))
            (position ((start_p ("" 1 0 18)) (end_p ("" 1 0 22)))))
           ())
          (((value (KId Some))
             (position ((start_p ("" 1 0 25)) (end_p ("" 1 0 29)))))
            (((value (TyCon (TCon string) ()))
               (position ((start_p ("" 1 0 31)) (end_p ("" 1 0 37)))))))))))
   (position ((start_p ("" 1 0 0)) (end_p ("" 1 0 38)))))
  ((value
     (DefineValue
       (SimpleValue
         (((value (Id x))
            (position ((start_p ("" 3 40 44)) (end_p ("" 3 40 45)))))
           (((value
               (ForallTy ()
                 ((value (TyCon (TCon int) ()))
                   (position ((start_p ("" 3 40 48)) (end_p ("" 3 40 51)))))))
              (position ((start_p ("" 3 40 47)) (end_p ("" 3 40 51))))))
           ((value
              (Case
                ((value
                   (Tagged
                     ((value (KId Some))
                       (position
                         ((start_p ("" 3 40 62)) (end_p ("" 3 40 66)))))
                     ((((value (TyCon (TCon int) ()))
                         (position
                           ((start_p ("" 3 40 67)) (end_p ("" 3 40 70)))))))
                     (((value
                         (Literal
                           ((value (LInt 42))
                             (position
                               ((start_p ("" 3 40 72)) (end_p ("" 3 40 74)))))))
                        (position
                          ((start_p ("" 3 40 72)) (end_p ("" 3 40 74))))))))
                  (position ((start_p ("" 3 40 62)) (end_p ("" 3 40 75)))))
                (((value
                    (Branch
                      ((value
                         (PTaggedValue
                           ((value (KId Some))
                             (position
                               ((start_p ("" 3 40 79)) (end_p ("" 3 40 83)))))
                           ((((value (TyCon (TCon int) ()))
                               (position
                                 ((start_p ("" 3 40 84))
                                   (end_p ("" 3 40 87)))))))
                           (((value
                               (PTypeAnnotation
                                 ((value
                                    (PVariable
                                      ((value (Id x))
                                        (position
                                          ((start_p ("" 3 40 90))
                                            (end_p ("" 3 40 91)))))))
                                   (position
                                     ((start_p ("" 3 40 90))
                                       (end_p ("" 3 40 91)))))
                                 ((value (TyCon (TCon int) ()))
                                   (position
                                     ((start_p ("" 3 40 94))
                                       (end_p ("" 3 40 97)))))))
                              (position
                                ((start_p ("" 3 40 89)) (end_p ("" 3 40 98))))))))
                        (position
                          ((start_p ("" 3 40 79)) (end_p ("" 3 40 99)))))
                      ((value
                         (Variable
                           ((value (Id x))
                             (position
                               ((start_p ("" 3 40 103))
                                 (end_p ("" 3 40 104)))))
                           ()))
                        (position
                          ((start_p ("" 3 40 103)) (end_p ("" 3 40 104)))))))
                   (position ((start_p ("" 3 40 79)) (end_p ("" 3 40 104)))))
                  ((value
                     (Branch
                       ((value
                          (PTaggedValue
                            ((value (KId None))
                              (position
                                ((start_p ("" 3 40 107))
                                  (end_p ("" 3 40 111)))))
                            ((((value (TyCon (TCon int) ()))
                                (position
                                  ((start_p ("" 3 40 112))
                                    (end_p ("" 3 40 115)))))))
                            ()))
                         (position
                           ((start_p ("" 3 40 107)) (end_p ("" 3 40 116)))))
                       ((value
                          (Literal
                            ((value (LInt 0))
                              (position
                                ((start_p ("" 3 40 120))
                                  (end_p ("" 3 40 121)))))))
                         (position
                           ((start_p ("" 3 40 120)) (end_p ("" 3 40 121)))))))
                    (position
                      ((start_p ("" 3 40 107)) (end_p ("" 3 40 121))))))))
             (position ((start_p ("" 3 40 54)) (end_p ("" 3 40 123)))))))))
    (position ((start_p ("" 3 40 40)) (end_p ("" 3 40 123))))))
