(((value
    (DefineType
      ((value (TCon or))
        (position ((start_p ("" 1 0 5)) (end_p ("" 1 0 7)))))
      (((value (TId `a))
         (position ((start_p ("" 1 0 8)) (end_p ("" 1 0 10)))))
        ((value (TId `b))
          (position ((start_p ("" 1 0 12)) (end_p ("" 1 0 14))))))
      (DefineSumType
        ((((value (KId Left))
            (position ((start_p ("" 1 0 18)) (end_p ("" 1 0 22)))))
           (((value (TyVar (TId `a)))
              (position ((start_p ("" 1 0 23)) (end_p ("" 1 0 25)))))))
          (((value (KId Right))
             (position ((start_p ("" 1 0 29)) (end_p ("" 1 0 34)))))
            (((value (TyVar (TId `b)))
               (position ((start_p ("" 1 0 35)) (end_p ("" 1 0 37)))))))))))
   (position ((start_p ("" 1 0 0)) (end_p ("" 1 0 38)))))
  ((value
     (DefineValue
       (SimpleValue
         (((value (Id x))
            (position ((start_p ("" 3 40 44)) (end_p ("" 3 40 45)))))
           (((value
               (ForallTy ()
                 ((value (TyCon (TCon int) ()))
                   (position ((start_p ("" 3 40 48)) (end_p ("" 3 40 51)))))))
              (position ((start_p ("" 3 40 47)) (end_p ("" 3 40 51))))))
           ((value
              (Case
                ((value
                   (Tagged
                     ((value (KId Left))
                       (position
                         ((start_p ("" 3 40 62)) (end_p ("" 3 40 66)))))
                     ((((value (TyCon (TCon int) ()))
                         (position
                           ((start_p ("" 3 40 67)) (end_p ("" 3 40 70)))))
                        ((value (TyCon (TCon int) ()))
                          (position
                            ((start_p ("" 3 40 72)) (end_p ("" 3 40 75)))))))
                     (((value
                         (Literal
                           ((value (LInt 22))
                             (position
                               ((start_p ("" 3 40 77)) (end_p ("" 3 40 79)))))))
                        (position
                          ((start_p ("" 3 40 77)) (end_p ("" 3 40 79))))))))
                  (position ((start_p ("" 3 40 62)) (end_p ("" 3 40 80)))))
                (((value
                    (Branch
                      ((value
                         (POr
                           (((value
                               (PTaggedValue
                                 ((value (KId Left))
                                   (position
                                     ((start_p ("" 4 84 86))
                                       (end_p ("" 4 84 90)))))
                                 ((((value (TyCon (TCon int) ()))
                                     (position
                                       ((start_p ("" 4 84 91))
                                         (end_p ("" 4 84 94)))))
                                    ((value (TyCon (TCon int) ()))
                                      (position
                                        ((start_p ("" 4 84 96))
                                          (end_p ("" 4 84 99)))))))
                                 (((value
                                     (PTypeAnnotation
                                       ((value
                                          (PVariable
                                            ((value (Id x))
                                              (position
                                                ((start_p ("" 4 84 102))
                                                  (end_p ("" 4 84 103)))))))
                                         (position
                                           ((start_p ("" 4 84 102))
                                             (end_p ("" 4 84 103)))))
                                       ((value (TyCon (TCon int) ()))
                                         (position
                                           ((start_p ("" 4 84 106))
                                             (end_p ("" 4 84 109)))))))
                                    (position
                                      ((start_p ("" 4 84 101))
                                        (end_p ("" 4 84 110))))))))
                              (position
                                ((start_p ("" 4 84 86))
                                  (end_p ("" 4 84 111)))))
                             ((value
                                (PTaggedValue
                                  ((value (KId Right))
                                    (position
                                      ((start_p ("" 4 84 114))
                                        (end_p ("" 4 84 119)))))
                                  ((((value (TyCon (TCon int) ()))
                                      (position
                                        ((start_p ("" 4 84 120))
                                          (end_p ("" 4 84 123)))))
                                     ((value (TyCon (TCon int) ()))
                                       (position
                                         ((start_p ("" 4 84 125))
                                           (end_p ("" 4 84 128)))))))
                                  (((value
                                      (PTypeAnnotation
                                        ((value
                                           (PVariable
                                             ((value (Id x))
                                               (position
                                                 ((start_p ("" 4 84 131))
                                                   (end_p ("" 4 84 132)))))))
                                          (position
                                            ((start_p ("" 4 84 131))
                                              (end_p ("" 4 84 132)))))
                                        ((value (TyCon (TCon int) ()))
                                          (position
                                            ((start_p ("" 4 84 135))
                                              (end_p ("" 4 84 138)))))))
                                     (position
                                       ((start_p ("" 4 84 130))
                                         (end_p ("" 4 84 139))))))))
                               (position
                                 ((start_p ("" 4 84 114))
                                   (end_p ("" 4 84 140))))))))
                        (position
                          ((start_p ("" 4 84 86)) (end_p ("" 4 84 140)))))
                      ((value
                         (Variable
                           ((value (Id x))
                             (position
                               ((start_p ("" 4 84 144))
                                 (end_p ("" 4 84 145)))))
                           ()))
                        (position
                          ((start_p ("" 4 84 144)) (end_p ("" 4 84 145)))))))
                   (position ((start_p ("" 4 84 86)) (end_p ("" 4 84 145))))))))
             (position ((start_p ("" 3 40 54)) (end_p ("" 5 146 147)))))))))
    (position ((start_p ("" 3 40 40)) (end_p ("" 5 146 147))))))
