(((value
    (DefineValue
      (SimpleValue
        (((value (Id x))
           (position ((start_p ("" 1 0 4)) (end_p ("" 1 0 5)))))
          (((value
              (ForallTy ()
                ((value (TyCon (TCon int) ()))
                  (position ((start_p ("" 1 0 8)) (end_p ("" 1 0 11)))))))
             (position ((start_p ("" 1 0 7)) (end_p ("" 1 0 11))))))
          ((value
             (Case
               ((value
                  (Literal
                    ((value (LInt 3))
                      (position ((start_p ("" 1 0 22)) (end_p ("" 1 0 23)))))))
                 (position ((start_p ("" 1 0 22)) (end_p ("" 1 0 23)))))
               (((value
                   (Branch
                     ((value
                        (PLiteral
                          ((value (LInt 0))
                            (position
                              ((start_p ("" 1 0 27)) (end_p ("" 1 0 28)))))))
                       (position ((start_p ("" 1 0 27)) (end_p ("" 1 0 28)))))
                     ((value
                        (Literal
                          ((value (LInt 1))
                            (position
                              ((start_p ("" 1 0 32)) (end_p ("" 1 0 33)))))))
                       (position ((start_p ("" 1 0 32)) (end_p ("" 1 0 33)))))))
                  (position ((start_p ("" 1 0 27)) (end_p ("" 1 0 33)))))
                 ((value
                    (Branch
                      ((value
                         (PTypeAnnotation
                           ((value PWildcard)
                             (position
                               ((start_p ("" 1 0 37)) (end_p ("" 1 0 38)))))
                           ((value (TyCon (TCon int) ()))
                             (position
                               ((start_p ("" 1 0 41)) (end_p ("" 1 0 44)))))))
                        (position
                          ((start_p ("" 1 0 36)) (end_p ("" 1 0 45)))))
                      ((value
                         (Literal
                           ((value (LInt 0))
                             (position
                               ((start_p ("" 1 0 49)) (end_p ("" 1 0 50)))))))
                        (position
                          ((start_p ("" 1 0 49)) (end_p ("" 1 0 50)))))))
                   (position ((start_p ("" 1 0 36)) (end_p ("" 1 0 50))))))))
            (position ((start_p ("" 1 0 14)) (end_p ("" 1 0 52)))))))))
   (position ((start_p ("" 1 0 0)) (end_p ("" 1 0 52))))))
