(((value
    (DefineValue
      (SimpleValue
        (((value (Id x))
           (position ((start_p ("" 1 0 4)) (end_p ("" 1 0 5)))))
          (((value
              (ForallTy ()
                ((value (TyCon (TCon int) ()))
                  (position ((start_p ("" 1 0 8)) (end_p ("" 1 0 11)))))))
             (position ((start_p ("" 1 0 7)) (end_p ("" 1 0 11))))))
          ((value
             (Case
               ((value
                  (Literal
                    ((value (LString Doctor))
                      (position ((start_p ("" 1 0 29)) (end_p ("" 1 0 30)))))))
                 (position ((start_p ("" 1 0 29)) (end_p ("" 1 0 30)))))
               (((value
                   (Branch
                     ((value
                        (PLiteral
                          ((value (LString Doctor))
                            (position
                              ((start_p ("" 1 0 41)) (end_p ("" 1 0 42)))))))
                       (position ((start_p ("" 1 0 41)) (end_p ("" 1 0 42)))))
                     ((value
                        (Literal
                          ((value (LInt 1))
                            (position
                              ((start_p ("" 1 0 46)) (end_p ("" 1 0 47)))))))
                       (position ((start_p ("" 1 0 46)) (end_p ("" 1 0 47)))))))
                  (position ((start_p ("" 1 0 41)) (end_p ("" 1 0 47)))))
                 ((value
                    (Branch
                      ((value
                         (PTypeAnnotation
                           ((value PWildcard)
                             (position
                               ((start_p ("" 1 0 51)) (end_p ("" 1 0 52)))))
                           ((value (TyCon (TCon int) ()))
                             (position
                               ((start_p ("" 1 0 55)) (end_p ("" 1 0 58)))))))
                        (position
                          ((start_p ("" 1 0 50)) (end_p ("" 1 0 59)))))
                      ((value
                         (Literal
                           ((value (LInt 0))
                             (position
                               ((start_p ("" 1 0 63)) (end_p ("" 1 0 64)))))))
                        (position
                          ((start_p ("" 1 0 63)) (end_p ("" 1 0 64)))))))
                   (position ((start_p ("" 1 0 50)) (end_p ("" 1 0 64))))))))
            (position ((start_p ("" 1 0 14)) (end_p ("" 1 0 66)))))))))
   (position ((start_p ("" 1 0 0)) (end_p ("" 1 0 66))))))
