(((value
    (DefineValue
      (SimpleValue
        (((value (Id x))
           (position ((start_p ("" 1 0 4)) (end_p ("" 1 0 5)))))
          (((value
              (ForallTy ()
                ((value (TyCon (TCon int) ()))
                  (position ((start_p ("" 1 0 8)) (end_p ("" 1 0 11)))))))
             (position ((start_p ("" 1 0 7)) (end_p ("" 1 0 11))))))
          ((value
             (Case
               ((value
                  (Literal
                    ((value (LChar x))
                      (position ((start_p ("" 1 0 22)) (end_p ("" 1 0 25)))))))
                 (position ((start_p ("" 1 0 22)) (end_p ("" 1 0 25)))))
               (((value
                   (Branch
                     ((value
                        (PLiteral
                          ((value (LChar x))
                            (position
                              ((start_p ("" 1 0 29)) (end_p ("" 1 0 32)))))))
                       (position ((start_p ("" 1 0 29)) (end_p ("" 1 0 32)))))
                     ((value
                        (Literal
                          ((value (LInt 1))
                            (position
                              ((start_p ("" 1 0 36)) (end_p ("" 1 0 37)))))))
                       (position ((start_p ("" 1 0 36)) (end_p ("" 1 0 37)))))))
                  (position ((start_p ("" 1 0 29)) (end_p ("" 1 0 37)))))
                 ((value
                    (Branch
                      ((value
                         (PTypeAnnotation
                           ((value PWildcard)
                             (position
                               ((start_p ("" 1 0 41)) (end_p ("" 1 0 42)))))
                           ((value (TyCon (TCon char) ()))
                             (position
                               ((start_p ("" 1 0 45)) (end_p ("" 1 0 49)))))))
                        (position
                          ((start_p ("" 1 0 40)) (end_p ("" 1 0 50)))))
                      ((value
                         (Literal
                           ((value (LInt 0))
                             (position
                               ((start_p ("" 1 0 54)) (end_p ("" 1 0 55)))))))
                        (position
                          ((start_p ("" 1 0 54)) (end_p ("" 1 0 55)))))))
                   (position ((start_p ("" 1 0 40)) (end_p ("" 1 0 55))))))))
            (position ((start_p ("" 1 0 14)) (end_p ("" 1 0 57)))))))))
   (position ((start_p ("" 1 0 0)) (end_p ("" 1 0 57))))))
